2026-04-21 04:34:29.3966 INFO Kafka Consumer started. Bootstrap=kafka:9092 GroupId=email-consumer-group Topic=email-events
2026-04-21 04:34:30.3401 INFO Application started. Press Ctrl+C to shut down.
2026-04-21 04:34:30.8969 INFO Hosting environment: Production
2026-04-21 04:34:32.1700 INFO Content root path: /app
2026-04-21 04:34:54.0664 ERROR Consume exception
2026-04-21 07:53:17.9427 INFO Kafka Consumer started. Bootstrap=kafka:9092 GroupId=email-consumer-group Topic=email-events
2026-04-21 07:53:18.6391 INFO Application started. Press Ctrl+C to shut down.
2026-04-21 07:53:18.8471 INFO Hosting environment: Production
2026-04-21 07:53:18.9513 INFO Content root path: /app
2026-04-21 07:53:43.5118 ERROR Consume exception
2026-04-21 07:57:40.2367 INFO Kafka Consumer started. Bootstrap=kafka:9092 GroupId=email-consumer-group Topic=email-events
2026-04-21 07:57:40.6062 INFO Application started. Press Ctrl+C to shut down.
2026-04-21 07:57:40.6671 INFO Hosting environment: Production
2026-04-21 07:57:41.0853 INFO Content root path: /app
2026-04-21 07:57:41.2768 ERROR Consume exception
2026-04-21 10:29:45.2244 INFO Kafka Consumer started. Bootstrap=kafka:9092 GroupId=email-consumer-group Topic=email-events
2026-04-21 10:29:45.5877 INFO Application started. Press Ctrl+C to shut down.
2026-04-21 10:29:45.6599 INFO Hosting environment: Production
2026-04-21 10:29:45.6829 ERROR Consume exception
2026-04-21 10:29:45.7125 INFO Content root path: /app
2026-04-21 12:32:14.5505 INFO Kafka Consumer started. Bootstrap=kafka:9092 GroupId=email-consumer-group Topic=email-events
2026-04-21 12:32:15.0083 INFO Application started. Press Ctrl+C to shut down.
2026-04-21 12:32:15.1337 INFO Hosting environment: Production
2026-04-21 12:32:15.5904 INFO Content root path: /app
2026-04-21 12:32:16.4479 ERROR Consume exception
