2026-01-27 04:07:12.0162 INFO Kafka Consumer started. Bootstrap=kafka:9092 GroupId=email-consumer-group Topic=email-events
2026-01-27 04:07:12.6852 INFO Application started. Press Ctrl+C to shut down.
2026-01-27 04:07:12.8311 INFO Hosting environment: Production
2026-01-27 04:07:12.8918 INFO Content root path: /app
2026-01-27 04:07:33.4846 ERROR Consume exception
2026-01-27 09:17:16.0247 INFO Kafka Consumer started. Bootstrap=kafka:9092 GroupId=email-consumer-group Topic=email-events
2026-01-27 09:17:16.5666 INFO Application started. Press Ctrl+C to shut down.
2026-01-27 09:17:16.7466 INFO Hosting environment: Production
2026-01-27 09:17:17.0437 INFO Content root path: /app
2026-01-27 09:17:19.3638 ERROR Kafka error: kafka:9092/bootstrap: Failed to resolve 'kafka:9092': Name or service not known (after 3371ms in state CONNECT)
2026-01-27 09:17:19.4900 ERROR Kafka error: 1/1 brokers are down
2026-01-27 09:17:24.4084 ERROR Kafka error: kafka:9092/bootstrap: Failed to resolve 'kafka:9092': Name or service not known (after 3472ms in state CONNECT, 1 identical error(s) suppressed)
2026-01-27 09:17:59.1288 ERROR Kafka error: kafka:9092/bootstrap: Failed to resolve 'kafka:9092': Name or service not known (after 3319ms in state CONNECT, 7 identical error(s) suppressed)
2026-01-27 09:18:34.1176 ERROR Kafka error: kafka:9092/bootstrap: Failed to resolve 'kafka:9092': Name or service not known (after 3341ms in state CONNECT, 7 identical error(s) suppressed)
2026-01-27 09:19:09.1014 ERROR Kafka error: kafka:9092/bootstrap: Failed to resolve 'kafka:9092': Name or service not known (after 3336ms in state CONNECT, 7 identical error(s) suppressed)
2026-01-27 09:19:44.1276 ERROR Kafka error: kafka:9092/bootstrap: Failed to resolve 'kafka:9092': Name or service not known (after 3361ms in state CONNECT, 7 identical error(s) suppressed)
2026-01-27 09:20:18.4397 ERROR Kafka error: kafka:9092/bootstrap: Failed to resolve 'kafka:9092': Name or service not known (after 3343ms in state CONNECT, 7 identical error(s) suppressed)
2026-01-27 09:20:48.5082 ERROR Kafka error: kafka:9092/bootstrap: Failed to resolve 'kafka:9092': Name or service not known (after 3381ms in state CONNECT, 6 identical error(s) suppressed)
2026-01-27 09:21:23.4221 ERROR Kafka error: kafka:9092/bootstrap: Failed to resolve 'kafka:9092': Name or service not known (after 3295ms in state CONNECT, 7 identical error(s) suppressed)
2026-01-27 09:21:53.4339 ERROR Kafka error: kafka:9092/bootstrap: Failed to resolve 'kafka:9092': Name or service not known (after 3308ms in state CONNECT, 6 identical error(s) suppressed)
2026-01-27 09:22:28.4439 ERROR Kafka error: kafka:9092/bootstrap: Failed to resolve 'kafka:9092': Name or service not known (after 3319ms in state CONNECT, 7 identical error(s) suppressed)
2026-01-27 09:22:58.4658 ERROR Kafka error: kafka:9092/bootstrap: Failed to resolve 'kafka:9092': Name or service not known (after 3341ms in state CONNECT, 6 identical error(s) suppressed)
2026-01-27 09:23:33.4950 ERROR Kafka error: kafka:9092/bootstrap: Failed to resolve 'kafka:9092': Name or service not known (after 3358ms in state CONNECT, 7 identical error(s) suppressed)
2026-01-27 09:24:03.5762 ERROR Kafka error: kafka:9092/bootstrap: Failed to resolve 'kafka:9092': Name or service not known (after 3437ms in state CONNECT, 6 identical error(s) suppressed)
2026-01-27 09:24:38.4263 ERROR Kafka error: kafka:9092/bootstrap: Failed to resolve 'kafka:9092': Name or service not known (after 3290ms in state CONNECT, 7 identical error(s) suppressed)
2026-01-27 09:25:08.4584 ERROR Kafka error: kafka:9092/bootstrap: Failed to resolve 'kafka:9092': Name or service not known (after 3329ms in state CONNECT, 6 identical error(s) suppressed)
2026-01-27 09:25:38.4775 ERROR Kafka error: kafka:9092/bootstrap: Failed to resolve 'kafka:9092': Name or service not known (after 3346ms in state CONNECT, 6 identical error(s) suppressed)
2026-01-27 09:26:13.4703 ERROR Kafka error: kafka:9092/bootstrap: Failed to resolve 'kafka:9092': Name or service not known (after 3333ms in state CONNECT, 7 identical error(s) suppressed)
2026-01-27 09:26:43.4834 ERROR Kafka error: kafka:9092/bootstrap: Failed to resolve 'kafka:9092': Name or service not known (after 3341ms in state CONNECT, 6 identical error(s) suppressed)
2026-01-27 09:27:13.5055 ERROR Kafka error: kafka:9092/bootstrap: Failed to resolve 'kafka:9092': Name or service not known (after 3361ms in state CONNECT, 6 identical error(s) suppressed)
2026-01-27 09:27:48.5121 ERROR Kafka error: kafka:9092/bootstrap: Failed to resolve 'kafka:9092': Name or service not known (after 3375ms in state CONNECT, 7 identical error(s) suppressed)
2026-01-27 09:28:23.4980 ERROR Kafka error: kafka:9092/bootstrap: Failed to resolve 'kafka:9092': Name or service not known (after 3366ms in state CONNECT, 7 identical error(s) suppressed)
2026-01-27 09:28:58.4695 ERROR Kafka error: kafka:9092/bootstrap: Failed to resolve 'kafka:9092': Name or service not known (after 3321ms in state CONNECT, 7 identical error(s) suppressed)
2026-01-27 09:29:28.5238 ERROR Kafka error: kafka:9092/bootstrap: Failed to resolve 'kafka:9092': Name or service not known (after 3375ms in state CONNECT, 6 identical error(s) suppressed)
2026-01-27 09:30:03.5214 ERROR Kafka error: kafka:9092/bootstrap: Failed to resolve 'kafka:9092': Name or service not known (after 3354ms in state CONNECT, 7 identical error(s) suppressed)
2026-01-27 09:30:33.5494 ERROR Kafka error: kafka:9092/bootstrap: Failed to resolve 'kafka:9092': Name or service not known (after 3373ms in state CONNECT, 6 identical error(s) suppressed)
2026-01-27 09:31:08.5248 ERROR Kafka error: kafka:9092/bootstrap: Failed to resolve 'kafka:9092': Name or service not known (after 3337ms in state CONNECT, 7 identical error(s) suppressed)
2026-01-27 09:31:38.5728 ERROR Kafka error: kafka:9092/bootstrap: Failed to resolve 'kafka:9092': Name or service not known (after 3385ms in state CONNECT, 6 identical error(s) suppressed)
2026-01-27 09:32:13.4900 ERROR Kafka error: kafka:9092/bootstrap: Failed to resolve 'kafka:9092': Name or service not known (after 3291ms in state CONNECT, 7 identical error(s) suppressed)
2026-01-27 09:32:43.5299 ERROR Kafka error: kafka:9092/bootstrap: Failed to resolve 'kafka:9092': Name or service not known (after 3336ms in state CONNECT, 6 identical error(s) suppressed)
2026-01-27 09:33:13.5451 ERROR Kafka error: kafka:9092/bootstrap: Failed to resolve 'kafka:9092': Name or service not known (after 3347ms in state CONNECT, 6 identical error(s) suppressed)
2026-01-27 09:33:43.5626 ERROR Kafka error: kafka:9092/bootstrap: Failed to resolve 'kafka:9092': Name or service not known (after 3352ms in state CONNECT, 6 identical error(s) suppressed)
2026-01-27 09:34:13.5808 ERROR Kafka error: kafka:9092/bootstrap: Failed to resolve 'kafka:9092': Name or service not known (after 3389ms in state CONNECT, 6 identical error(s) suppressed)
2026-01-27 09:34:48.6485 ERROR Kafka error: kafka:9092/bootstrap: Failed to resolve 'kafka:9092': Name or service not known (after 3441ms in state CONNECT, 7 identical error(s) suppressed)
2026-01-27 09:35:23.5477 ERROR Kafka error: kafka:9092/bootstrap: Failed to resolve 'kafka:9092': Name or service not known (after 3339ms in state CONNECT, 7 identical error(s) suppressed)
2026-01-27 09:35:58.5865 ERROR Kafka error: kafka:9092/bootstrap: Failed to resolve 'kafka:9092': Name or service not known (after 3396ms in state CONNECT, 7 identical error(s) suppressed)
2026-01-27 09:36:33.5118 ERROR Kafka error: kafka:9092/bootstrap: Failed to resolve 'kafka:9092': Name or service not known (after 3307ms in state CONNECT, 7 identical error(s) suppressed)
2026-01-27 09:37:03.5354 ERROR Kafka error: kafka:9092/bootstrap: Failed to resolve 'kafka:9092': Name or service not known (after 3330ms in state CONNECT, 6 identical error(s) suppressed)
2026-01-27 09:37:33.5431 ERROR Kafka error: kafka:9092/bootstrap: Failed to resolve 'kafka:9092': Name or service not known (after 3345ms in state CONNECT, 6 identical error(s) suppressed)
2026-01-27 09:38:08.5108 ERROR Kafka error: kafka:9092/bootstrap: Failed to resolve 'kafka:9092': Name or service not known (after 3307ms in state CONNECT, 7 identical error(s) suppressed)
2026-01-27 09:38:43.5066 ERROR Kafka error: kafka:9092/bootstrap: Failed to resolve 'kafka:9092': Name or service not known (after 3315ms in state CONNECT, 7 identical error(s) suppressed)
2026-01-27 09:39:13.5339 ERROR Kafka error: kafka:9092/bootstrap: Failed to resolve 'kafka:9092': Name or service not known (after 3338ms in state CONNECT, 6 identical error(s) suppressed)
2026-01-27 09:39:48.5013 ERROR Kafka error: kafka:9092/bootstrap: Failed to resolve 'kafka:9092': Name or service not known (after 3300ms in state CONNECT, 7 identical error(s) suppressed)
2026-01-27 09:40:18.5435 ERROR Kafka error: kafka:9092/bootstrap: Failed to resolve 'kafka:9092': Name or service not known (after 3344ms in state CONNECT, 6 identical error(s) suppressed)
2026-01-27 09:40:48.5418 ERROR Kafka error: kafka:9092/bootstrap: Failed to resolve 'kafka:9092': Name or service not known (after 3345ms in state CONNECT, 6 identical error(s) suppressed)
2026-01-27 09:41:23.5331 ERROR Kafka error: kafka:9092/bootstrap: Failed to resolve 'kafka:9092': Name or service not known (after 3348ms in state CONNECT, 7 identical error(s) suppressed)
2026-01-27 09:41:53.5767 ERROR Kafka error: kafka:9092/bootstrap: Failed to resolve 'kafka:9092': Name or service not known (after 3384ms in state CONNECT, 6 identical error(s) suppressed)
2026-01-27 09:42:23.5893 ERROR Kafka error: kafka:9092/bootstrap: Failed to resolve 'kafka:9092': Name or service not known (after 3386ms in state CONNECT, 6 identical error(s) suppressed)
2026-01-27 09:42:58.5171 ERROR Kafka error: kafka:9092/bootstrap: Failed to resolve 'kafka:9092': Name or service not known (after 3320ms in state CONNECT, 7 identical error(s) suppressed)
2026-01-27 09:43:33.5388 ERROR Kafka error: kafka:9092/bootstrap: Failed to resolve 'kafka:9092': Name or service not known (after 3346ms in state CONNECT, 7 identical error(s) suppressed)
2026-01-27 09:44:03.5605 ERROR Kafka error: kafka:9092/bootstrap: Failed to resolve 'kafka:9092': Name or service not known (after 3362ms in state CONNECT, 6 identical error(s) suppressed)
2026-01-27 09:44:38.5269 ERROR Kafka error: kafka:9092/bootstrap: Failed to resolve 'kafka:9092': Name or service not known (after 3327ms in state CONNECT, 7 identical error(s) suppressed)
2026-01-27 09:45:13.5326 ERROR Kafka error: kafka:9092/bootstrap: Failed to resolve 'kafka:9092': Name or service not known (after 3342ms in state CONNECT, 7 identical error(s) suppressed)
2026-01-27 09:45:43.5602 ERROR Kafka error: kafka:9092/bootstrap: Failed to resolve 'kafka:9092': Name or service not known (after 3356ms in state CONNECT, 6 identical error(s) suppressed)
2026-01-27 09:46:18.5732 ERROR Kafka error: kafka:9092/bootstrap: Failed to resolve 'kafka:9092': Name or service not known (after 3381ms in state CONNECT, 7 identical error(s) suppressed)
2026-01-27 09:46:53.5111 ERROR Kafka error: kafka:9092/bootstrap: Failed to resolve 'kafka:9092': Name or service not known (after 3315ms in state CONNECT, 7 identical error(s) suppressed)
2026-01-27 09:47:28.5168 ERROR Kafka error: kafka:9092/bootstrap: Failed to resolve 'kafka:9092': Name or service not known (after 3314ms in state CONNECT, 7 identical error(s) suppressed)
2026-01-27 09:47:58.5923 ERROR Kafka error: kafka:9092/bootstrap: Failed to resolve 'kafka:9092': Name or service not known (after 3367ms in state CONNECT, 6 identical error(s) suppressed)
2026-01-27 09:48:33.5683 ERROR Kafka error: kafka:9092/bootstrap: Failed to resolve 'kafka:9092': Name or service not known (after 3344ms in state CONNECT, 7 identical error(s) suppressed)
2026-01-27 09:49:08.6120 ERROR Kafka error: kafka:9092/bootstrap: Failed to resolve 'kafka:9092': Name or service not known (after 3378ms in state CONNECT, 7 identical error(s) suppressed)
2026-01-27 09:49:43.5818 ERROR Kafka error: kafka:9092/bootstrap: Failed to resolve 'kafka:9092': Name or service not known (after 3363ms in state CONNECT, 7 identical error(s) suppressed)
2026-01-27 09:50:18.5777 ERROR Kafka error: kafka:9092/bootstrap: Failed to resolve 'kafka:9092': Name or service not known (after 3345ms in state CONNECT, 7 identical error(s) suppressed)
2026-01-27 09:50:53.6066 ERROR Kafka error: kafka:9092/bootstrap: Failed to resolve 'kafka:9092': Name or service not known (after 3370ms in state CONNECT, 7 identical error(s) suppressed)
2026-01-27 09:51:28.5944 ERROR Kafka error: kafka:9092/bootstrap: Failed to resolve 'kafka:9092': Name or service not known (after 3351ms in state CONNECT, 7 identical error(s) suppressed)
2026-01-27 09:52:03.5818 ERROR Kafka error: kafka:9092/bootstrap: Failed to resolve 'kafka:9092': Name or service not known (after 3365ms in state CONNECT, 7 identical error(s) suppressed)
2026-01-27 09:52:38.5262 ERROR Kafka error: kafka:9092/bootstrap: Failed to resolve 'kafka:9092': Name or service not known (after 3305ms in state CONNECT, 7 identical error(s) suppressed)
2026-01-27 09:53:08.5458 ERROR Kafka error: kafka:9092/bootstrap: Failed to resolve 'kafka:9092': Name or service not known (after 3311ms in state CONNECT, 6 identical error(s) suppressed)
2026-01-27 09:53:38.6476 ERROR Kafka error: kafka:9092/bootstrap: Failed to resolve 'kafka:9092': Name or service not known (after 3422ms in state CONNECT, 6 identical error(s) suppressed)
2026-01-27 09:54:13.5672 ERROR Kafka error: kafka:9092/bootstrap: Failed to resolve 'kafka:9092': Name or service not known (after 3350ms in state CONNECT, 7 identical error(s) suppressed)
2026-01-27 09:54:48.5761 ERROR Kafka error: kafka:9092/bootstrap: Failed to resolve 'kafka:9092': Name or service not known (after 3360ms in state CONNECT, 7 identical error(s) suppressed)
2026-01-27 09:55:23.5327 ERROR Kafka error: kafka:9092/bootstrap: Failed to resolve 'kafka:9092': Name or service not known (after 3313ms in state CONNECT, 7 identical error(s) suppressed)
2026-01-27 09:55:53.5399 ERROR Kafka error: kafka:9092/bootstrap: Failed to resolve 'kafka:9092': Name or service not known (after 3324ms in state CONNECT, 6 identical error(s) suppressed)
2026-01-27 09:56:23.5535 ERROR Kafka error: kafka:9092/bootstrap: Failed to resolve 'kafka:9092': Name or service not known (after 3341ms in state CONNECT, 6 identical error(s) suppressed)
2026-01-27 09:56:53.5578 ERROR Kafka error: kafka:9092/bootstrap: Failed to resolve 'kafka:9092': Name or service not known (after 3345ms in state CONNECT, 6 identical error(s) suppressed)
2026-01-27 09:57:23.5589 ERROR Kafka error: kafka:9092/bootstrap: Failed to resolve 'kafka:9092': Name or service not known (after 3346ms in state CONNECT, 6 identical error(s) suppressed)
2026-01-27 09:57:53.5719 ERROR Kafka error: kafka:9092/bootstrap: Failed to resolve 'kafka:9092': Name or service not known (after 3351ms in state CONNECT, 6 identical error(s) suppressed)
2026-01-27 09:58:28.5572 ERROR Kafka error: kafka:9092/bootstrap: Failed to resolve 'kafka:9092': Name or service not known (after 3325ms in state CONNECT, 7 identical error(s) suppressed)
2026-01-27 09:59:03.5369 ERROR Kafka error: kafka:9092/bootstrap: Failed to resolve 'kafka:9092': Name or service not known (after 3317ms in state CONNECT, 7 identical error(s) suppressed)
2026-01-27 09:59:33.5448 ERROR Kafka error: kafka:9092/bootstrap: Failed to resolve 'kafka:9092': Name or service not known (after 3325ms in state CONNECT, 6 identical error(s) suppressed)
2026-01-27 10:00:03.5767 ERROR Kafka error: kafka:9092/bootstrap: Failed to resolve 'kafka:9092': Name or service not known (after 3363ms in state CONNECT, 6 identical error(s) suppressed)
2026-01-27 10:00:38.5343 ERROR Kafka error: kafka:9092/bootstrap: Failed to resolve 'kafka:9092': Name or service not known (after 3320ms in state CONNECT, 7 identical error(s) suppressed)
2026-01-27 10:01:08.5475 ERROR Kafka error: kafka:9092/bootstrap: Failed to resolve 'kafka:9092': Name or service not known (after 3323ms in state CONNECT, 6 identical error(s) suppressed)
2026-01-27 10:01:43.6028 ERROR Kafka error: kafka:9092/bootstrap: Failed to resolve 'kafka:9092': Name or service not known (after 3390ms in state CONNECT, 7 identical error(s) suppressed)
2026-01-27 10:02:18.5204 ERROR Kafka error: kafka:9092/bootstrap: Failed to resolve 'kafka:9092': Name or service not known (after 3306ms in state CONNECT, 7 identical error(s) suppressed)
2026-01-27 10:02:48.5481 ERROR Kafka error: kafka:9092/bootstrap: Failed to resolve 'kafka:9092': Name or service not known (after 3332ms in state CONNECT, 6 identical error(s) suppressed)
2026-01-27 10:03:18.5678 ERROR Kafka error: kafka:9092/bootstrap: Failed to resolve 'kafka:9092': Name or service not known (after 3346ms in state CONNECT, 6 identical error(s) suppressed)
2026-01-27 10:03:53.5557 ERROR Kafka error: kafka:9092/bootstrap: Failed to resolve 'kafka:9092': Name or service not known (after 3334ms in state CONNECT, 7 identical error(s) suppressed)
2026-01-27 10:04:28.5474 ERROR Kafka error: kafka:9092/bootstrap: Failed to resolve 'kafka:9092': Name or service not known (after 3324ms in state CONNECT, 7 identical error(s) suppressed)
2026-01-27 10:04:58.5869 ERROR Kafka error: kafka:9092/bootstrap: Failed to resolve 'kafka:9092': Name or service not known (after 3371ms in state CONNECT, 6 identical error(s) suppressed)
2026-01-27 10:05:28.7078 ERROR Kafka error: kafka:9092/bootstrap: Failed to resolve 'kafka:9092': Name or service not known (after 3484ms in state CONNECT, 6 identical error(s) suppressed)
2026-01-27 10:06:03.6136 ERROR Kafka error: kafka:9092/bootstrap: Failed to resolve 'kafka:9092': Name or service not known (after 3391ms in state CONNECT, 7 identical error(s) suppressed)
2026-01-27 10:06:38.5553 ERROR Kafka error: kafka:9092/bootstrap: Failed to resolve 'kafka:9092': Name or service not known (after 3326ms in state CONNECT, 7 identical error(s) suppressed)
2026-01-27 10:07:08.5763 ERROR Kafka error: kafka:9092/bootstrap: Failed to resolve 'kafka:9092': Name or service not known (after 3342ms in state CONNECT, 6 identical error(s) suppressed)
2026-01-27 10:07:38.5867 ERROR Kafka error: kafka:9092/bootstrap: Failed to resolve 'kafka:9092': Name or service not known (after 3359ms in state CONNECT, 6 identical error(s) suppressed)
2026-01-27 10:08:13.6145 ERROR Kafka error: kafka:9092/bootstrap: Failed to resolve 'kafka:9092': Name or service not known (after 3382ms in state CONNECT, 7 identical error(s) suppressed)
2026-01-27 10:08:48.5758 ERROR Kafka error: kafka:9092/bootstrap: Failed to resolve 'kafka:9092': Name or service not known (after 3346ms in state CONNECT, 7 identical error(s) suppressed)
2026-01-27 10:09:23.5309 ERROR Kafka error: kafka:9092/bootstrap: Failed to resolve 'kafka:9092': Name or service not known (after 3310ms in state CONNECT, 7 identical error(s) suppressed)
2026-01-27 10:09:53.5573 ERROR Kafka error: kafka:9092/bootstrap: Failed to resolve 'kafka:9092': Name or service not known (after 3332ms in state CONNECT, 6 identical error(s) suppressed)
2026-01-27 10:10:23.6160 ERROR Kafka error: kafka:9092/bootstrap: Failed to resolve 'kafka:9092': Name or service not known (after 3393ms in state CONNECT, 6 identical error(s) suppressed)
2026-01-27 10:10:58.5696 ERROR Kafka error: kafka:9092/bootstrap: Failed to resolve 'kafka:9092': Name or service not known (after 3351ms in state CONNECT, 7 identical error(s) suppressed)
2026-01-27 10:11:33.5685 ERROR Kafka error: kafka:9092/bootstrap: Failed to resolve 'kafka:9092': Name or service not known (after 3347ms in state CONNECT, 7 identical error(s) suppressed)
2026-01-27 10:12:03.5714 ERROR Kafka error: kafka:9092/bootstrap: Failed to resolve 'kafka:9092': Name or service not known (after 3352ms in state CONNECT, 6 identical error(s) suppressed)
2026-01-27 10:12:33.6030 ERROR Kafka error: kafka:9092/bootstrap: Failed to resolve 'kafka:9092': Name or service not known (after 3378ms in state CONNECT, 6 identical error(s) suppressed)
2026-01-27 10:13:08.5838 ERROR Kafka error: kafka:9092/bootstrap: Failed to resolve 'kafka:9092': Name or service not known (after 3347ms in state CONNECT, 7 identical error(s) suppressed)
2026-01-27 10:13:43.5389 ERROR Kafka error: kafka:9092/bootstrap: Failed to resolve 'kafka:9092': Name or service not known (after 3319ms in state CONNECT, 7 identical error(s) suppressed)
2026-01-27 10:14:18.5965 ERROR Kafka error: kafka:9092/bootstrap: Failed to resolve 'kafka:9092': Name or service not known (after 3363ms in state CONNECT, 7 identical error(s) suppressed)
2026-01-27 10:14:48.6643 ERROR Kafka error: kafka:9092/bootstrap: Failed to resolve 'kafka:9092': Name or service not known (after 3445ms in state CONNECT, 6 identical error(s) suppressed)
2026-01-27 10:15:23.5447 ERROR Kafka error: kafka:9092/bootstrap: Failed to resolve 'kafka:9092': Name or service not known (after 3315ms in state CONNECT, 7 identical error(s) suppressed)
2026-01-27 10:15:58.5850 ERROR Kafka error: kafka:9092/bootstrap: Failed to resolve 'kafka:9092': Name or service not known (after 3361ms in state CONNECT, 7 identical error(s) suppressed)
2026-01-27 10:16:33.9799 ERROR Kafka error: kafka:9092/bootstrap: Failed to resolve 'kafka:9092': Name or service not known (after 3764ms in state CONNECT, 7 identical error(s) suppressed)
2026-01-27 10:17:08.5753 ERROR Kafka error: kafka:9092/bootstrap: Failed to resolve 'kafka:9092': Name or service not known (after 3346ms in state CONNECT, 7 identical error(s) suppressed)
2026-01-27 10:17:43.5348 ERROR Kafka error: kafka:9092/bootstrap: Failed to resolve 'kafka:9092': Name or service not known (after 3312ms in state CONNECT, 7 identical error(s) suppressed)
2026-01-27 10:18:13.5666 ERROR Kafka error: kafka:9092/bootstrap: Failed to resolve 'kafka:9092': Name or service not known (after 3356ms in state CONNECT, 6 identical error(s) suppressed)
2026-01-27 10:18:43.5804 ERROR Kafka error: kafka:9092/bootstrap: Failed to resolve 'kafka:9092': Name or service not known (after 3370ms in state CONNECT, 6 identical error(s) suppressed)
2026-01-27 10:19:18.5303 ERROR Kafka error: kafka:9092/bootstrap: Failed to resolve 'kafka:9092': Name or service not known (after 3304ms in state CONNECT, 7 identical error(s) suppressed)
2026-01-27 10:19:48.6096 ERROR Kafka error: kafka:9092/bootstrap: Failed to resolve 'kafka:9092': Name or service not known (after 3387ms in state CONNECT, 6 identical error(s) suppressed)
2026-01-27 10:20:18.7145 ERROR Kafka error: kafka:9092/bootstrap: Failed to resolve 'kafka:9092': Name or service not known (after 3466ms in state CONNECT, 6 identical error(s) suppressed)
2026-01-27 10:20:53.5530 ERROR Kafka error: kafka:9092/bootstrap: Failed to resolve 'kafka:9092': Name or service not known (after 3322ms in state CONNECT, 7 identical error(s) suppressed)
2026-01-27 10:21:23.5338 ERROR Kafka error: kafka:9092/bootstrap: Failed to resolve 'kafka:9092': Name or service not known (after 3321ms in state CONNECT, 6 identical error(s) suppressed)
2026-01-27 10:21:53.5754 ERROR Kafka error: kafka:9092/bootstrap: Failed to resolve 'kafka:9092': Name or service not known (after 3348ms in state CONNECT, 6 identical error(s) suppressed)
2026-01-27 10:22:23.5803 ERROR Kafka error: kafka:9092/bootstrap: Failed to resolve 'kafka:9092': Name or service not known (after 3358ms in state CONNECT, 6 identical error(s) suppressed)
2026-01-27 10:22:58.5075 ERROR Kafka error: kafka:9092/bootstrap: Failed to resolve 'kafka:9092': Name or service not known (after 3299ms in state CONNECT, 7 identical error(s) suppressed)
2026-01-27 10:23:28.5541 ERROR Kafka error: kafka:9092/bootstrap: Failed to resolve 'kafka:9092': Name or service not known (after 3330ms in state CONNECT, 6 identical error(s) suppressed)
2026-01-27 10:23:58.5670 ERROR Kafka error: kafka:9092/bootstrap: Failed to resolve 'kafka:9092': Name or service not known (after 3346ms in state CONNECT, 6 identical error(s) suppressed)
2026-01-27 10:24:28.5818 ERROR Kafka error: kafka:9092/bootstrap: Failed to resolve 'kafka:9092': Name or service not known (after 3353ms in state CONNECT, 6 identical error(s) suppressed)
2026-01-27 10:25:03.5139 ERROR Kafka error: kafka:9092/bootstrap: Failed to resolve 'kafka:9092': Name or service not known (after 3289ms in state CONNECT, 7 identical error(s) suppressed)
2026-01-27 10:25:33.5221 ERROR Kafka error: kafka:9092/bootstrap: Failed to resolve 'kafka:9092': Name or service not known (after 3298ms in state CONNECT, 6 identical error(s) suppressed)
2026-01-27 10:26:03.5443 ERROR Kafka error: kafka:9092/bootstrap: Failed to resolve 'kafka:9092': Name or service not known (after 3329ms in state CONNECT, 6 identical error(s) suppressed)
2026-01-27 10:26:33.5559 ERROR Kafka error: kafka:9092/bootstrap: Failed to resolve 'kafka:9092': Name or service not known (after 3347ms in state CONNECT, 6 identical error(s) suppressed)
2026-01-27 10:27:03.5918 ERROR Kafka error: kafka:9092/bootstrap: Failed to resolve 'kafka:9092': Name or service not known (after 3368ms in state CONNECT, 6 identical error(s) suppressed)
2026-01-27 10:27:33.5916 ERROR Kafka error: kafka:9092/bootstrap: Failed to resolve 'kafka:9092': Name or service not known (after 3366ms in state CONNECT, 6 identical error(s) suppressed)
2026-01-27 10:28:08.5599 ERROR Kafka error: kafka:9092/bootstrap: Failed to resolve 'kafka:9092': Name or service not known (after 3348ms in state CONNECT, 7 identical error(s) suppressed)
2026-01-27 10:28:43.5326 ERROR Kafka error: kafka:9092/bootstrap: Failed to resolve 'kafka:9092': Name or service not known (after 3318ms in state CONNECT, 7 identical error(s) suppressed)
2026-01-27 10:29:13.5498 ERROR Kafka error: kafka:9092/bootstrap: Failed to resolve 'kafka:9092': Name or service not known (after 3337ms in state CONNECT, 6 identical error(s) suppressed)
2026-01-27 10:29:48.5930 ERROR Kafka error: kafka:9092/bootstrap: Failed to resolve 'kafka:9092': Name or service not known (after 3370ms in state CONNECT, 7 identical error(s) suppressed)
2026-01-27 10:30:23.5390 ERROR Kafka error: kafka:9092/bootstrap: Failed to resolve 'kafka:9092': Name or service not known (after 3316ms in state CONNECT, 7 identical error(s) suppressed)
2026-01-27 10:30:53.5300 ERROR Kafka error: kafka:9092/bootstrap: Failed to resolve 'kafka:9092': Name or service not known (after 3317ms in state CONNECT, 6 identical error(s) suppressed)
2026-01-27 10:31:23.5680 ERROR Kafka error: kafka:9092/bootstrap: Failed to resolve 'kafka:9092': Name or service not known (after 3349ms in state CONNECT, 6 identical error(s) suppressed)
2026-01-27 10:31:53.5609 ERROR Kafka error: kafka:9092/bootstrap: Failed to resolve 'kafka:9092': Name or service not known (after 3352ms in state CONNECT, 6 identical error(s) suppressed)
2026-01-27 10:32:28.5723 ERROR Kafka error: kafka:9092/bootstrap: Failed to resolve 'kafka:9092': Name or service not known (after 3354ms in state CONNECT, 7 identical error(s) suppressed)
2026-01-27 10:32:58.5750 ERROR Kafka error: kafka:9092/bootstrap: Failed to resolve 'kafka:9092': Name or service not known (after 3366ms in state CONNECT, 6 identical error(s) suppressed)
2026-01-27 10:33:28.5778 ERROR Kafka error: kafka:9092/bootstrap: Failed to resolve 'kafka:9092': Name or service not known (after 3371ms in state CONNECT, 6 identical error(s) suppressed)
2026-01-27 10:34:03.5181 ERROR Kafka error: kafka:9092/bootstrap: Failed to resolve 'kafka:9092': Name or service not known (after 3306ms in state CONNECT, 7 identical error(s) suppressed)
2026-01-27 10:34:33.5228 ERROR Kafka error: kafka:9092/bootstrap: Failed to resolve 'kafka:9092': Name or service not known (after 3307ms in state CONNECT, 6 identical error(s) suppressed)
2026-01-27 10:35:03.5635 ERROR Kafka error: kafka:9092/bootstrap: Failed to resolve 'kafka:9092': Name or service not known (after 3361ms in state CONNECT, 6 identical error(s) suppressed)
2026-01-27 10:35:33.5983 ERROR Kafka error: kafka:9092/bootstrap: Failed to resolve 'kafka:9092': Name or service not known (after 3373ms in state CONNECT, 6 identical error(s) suppressed)
2026-01-27 10:36:08.5332 ERROR Kafka error: kafka:9092/bootstrap: Failed to resolve 'kafka:9092': Name or service not known (after 3331ms in state CONNECT, 7 identical error(s) suppressed)
2026-01-27 10:36:43.5431 ERROR Kafka error: kafka:9092/bootstrap: Failed to resolve 'kafka:9092': Name or service not known (after 3342ms in state CONNECT, 7 identical error(s) suppressed)
2026-01-27 10:37:13.5692 ERROR Kafka error: kafka:9092/bootstrap: Failed to resolve 'kafka:9092': Name or service not known (after 3360ms in state CONNECT, 6 identical error(s) suppressed)
2026-01-27 10:37:48.5438 ERROR Kafka error: kafka:9092/bootstrap: Failed to resolve 'kafka:9092': Name or service not known (after 3344ms in state CONNECT, 7 identical error(s) suppressed)
2026-01-27 10:38:18.5901 ERROR Kafka error: kafka:9092/bootstrap: Failed to resolve 'kafka:9092': Name or service not known (after 3386ms in state CONNECT, 6 identical error(s) suppressed)
2026-01-27 10:38:53.5180 ERROR Kafka error: kafka:9092/bootstrap: Failed to resolve 'kafka:9092': Name or service not known (after 3316ms in state CONNECT, 7 identical error(s) suppressed)
2026-01-27 10:39:23.5672 ERROR Kafka error: kafka:9092/bootstrap: Failed to resolve 'kafka:9092': Name or service not known (after 3366ms in state CONNECT, 6 identical error(s) suppressed)
2026-01-27 10:39:58.6669 ERROR Kafka error: kafka:9092/bootstrap: Failed to resolve 'kafka:9092': Name or service not known (after 3470ms in state CONNECT, 7 identical error(s) suppressed)
2026-01-27 10:40:33.5429 ERROR Kafka error: kafka:9092/bootstrap: Failed to resolve 'kafka:9092': Name or service not known (after 3334ms in state CONNECT, 7 identical error(s) suppressed)
2026-01-27 10:41:08.5877 ERROR Kafka error: kafka:9092/bootstrap: Failed to resolve 'kafka:9092': Name or service not known (after 3392ms in state CONNECT, 7 identical error(s) suppressed)
2026-01-27 10:41:43.5269 ERROR Kafka error: kafka:9092/bootstrap: Failed to resolve 'kafka:9092': Name or service not known (after 3326ms in state CONNECT, 7 identical error(s) suppressed)
2026-01-27 10:42:13.5329 ERROR Kafka error: kafka:9092/bootstrap: Failed to resolve 'kafka:9092': Name or service not known (after 3324ms in state CONNECT, 6 identical error(s) suppressed)
2026-01-27 10:42:43.5203 ERROR Kafka error: kafka:9092/bootstrap: Failed to resolve 'kafka:9092': Name or service not known (after 3327ms in state CONNECT, 6 identical error(s) suppressed)
2026-01-27 10:43:18.5515 ERROR Kafka error: kafka:9092/bootstrap: Failed to resolve 'kafka:9092': Name or service not known (after 3359ms in state CONNECT, 7 identical error(s) suppressed)
2026-01-27 10:43:53.4880 ERROR Kafka error: kafka:9092/bootstrap: Failed to resolve 'kafka:9092': Name or service not known (after 3295ms in state CONNECT, 7 identical error(s) suppressed)
2026-01-27 10:44:23.6484 ERROR Kafka error: kafka:9092/bootstrap: Failed to resolve 'kafka:9092': Name or service not known (after 3320ms in state CONNECT, 6 identical error(s) suppressed)
2026-01-27 10:44:53.5527 ERROR Kafka error: kafka:9092/bootstrap: Failed to resolve 'kafka:9092': Name or service not known (after 3326ms in state CONNECT, 6 identical error(s) suppressed)
2026-01-27 10:45:28.5356 ERROR Kafka error: kafka:9092/bootstrap: Failed to resolve 'kafka:9092': Name or service not known (after 3340ms in state CONNECT, 7 identical error(s) suppressed)
2026-01-27 10:46:03.5776 ERROR Kafka error: kafka:9092/bootstrap: Failed to resolve 'kafka:9092': Name or service not known (after 3367ms in state CONNECT, 7 identical error(s) suppressed)
2026-01-27 10:46:38.5711 ERROR Kafka error: kafka:9092/bootstrap: Failed to resolve 'kafka:9092': Name or service not known (after 3368ms in state CONNECT, 7 identical error(s) suppressed)
2026-01-27 10:47:13.6207 ERROR Kafka error: kafka:9092/bootstrap: Failed to resolve 'kafka:9092': Name or service not known (after 3400ms in state CONNECT, 7 identical error(s) suppressed)
2026-01-27 10:47:47.5523 ERROR Kafka error: kafka:9092/bootstrap: Failed to resolve 'kafka:9092': Name or service not known (after 3345ms in state CONNECT, 6 identical error(s) suppressed)
2026-01-27 10:48:22.7086 ERROR Kafka error: kafka:9092/bootstrap: Failed to resolve 'kafka:9092': Name or service not known (after 3488ms in state CONNECT, 7 identical error(s) suppressed)
2026-01-27 10:48:57.5210 ERROR Kafka error: kafka:9092/bootstrap: Failed to resolve 'kafka:9092': Name or service not known (after 3316ms in state CONNECT, 7 identical error(s) suppressed)
2026-01-27 10:49:27.5289 ERROR Kafka error: kafka:9092/bootstrap: Failed to resolve 'kafka:9092': Name or service not known (after 3323ms in state CONNECT, 6 identical error(s) suppressed)
2026-01-27 10:49:57.5517 ERROR Kafka error: kafka:9092/bootstrap: Failed to resolve 'kafka:9092': Name or service not known (after 3347ms in state CONNECT, 6 identical error(s) suppressed)
2026-01-27 10:50:32.5418 ERROR Kafka error: kafka:9092/bootstrap: Failed to resolve 'kafka:9092': Name or service not known (after 3336ms in state CONNECT, 7 identical error(s) suppressed)
2026-01-27 10:51:02.6476 ERROR Kafka error: kafka:9092/bootstrap: Failed to resolve 'kafka:9092': Name or service not known (after 3442ms in state CONNECT, 6 identical error(s) suppressed)
2026-01-27 10:51:37.5441 ERROR Kafka error: kafka:9092/bootstrap: Failed to resolve 'kafka:9092': Name or service not known (after 3341ms in state CONNECT, 7 identical error(s) suppressed)
2026-01-27 10:52:12.5533 ERROR Kafka error: kafka:9092/bootstrap: Failed to resolve 'kafka:9092': Name or service not known (after 3346ms in state CONNECT, 7 identical error(s) suppressed)
2026-01-27 10:52:47.5346 ERROR Kafka error: kafka:9092/bootstrap: Failed to resolve 'kafka:9092': Name or service not known (after 3333ms in state CONNECT, 7 identical error(s) suppressed)
2026-01-27 10:53:22.5534 ERROR Kafka error: kafka:9092/bootstrap: Failed to resolve 'kafka:9092': Name or service not known (after 3350ms in state CONNECT, 7 identical error(s) suppressed)
2026-01-27 10:53:57.5109 ERROR Kafka error: kafka:9092/bootstrap: Failed to resolve 'kafka:9092': Name or service not known (after 3308ms in state CONNECT, 7 identical error(s) suppressed)
2026-01-27 10:54:32.6681 ERROR Kafka error: kafka:9092/bootstrap: Failed to resolve 'kafka:9092': Name or service not known (after 3450ms in state CONNECT, 7 identical error(s) suppressed)
2026-01-27 10:55:07.5171 ERROR Kafka error: kafka:9092/bootstrap: Failed to resolve 'kafka:9092': Name or service not known (after 3317ms in state CONNECT, 7 identical error(s) suppressed)
2026-01-27 10:55:37.5335 ERROR Kafka error: kafka:9092/bootstrap: Failed to resolve 'kafka:9092': Name or service not known (after 3320ms in state CONNECT, 6 identical error(s) suppressed)
2026-01-27 10:56:12.5719 ERROR Kafka error: kafka:9092/bootstrap: Failed to resolve 'kafka:9092': Name or service not known (after 3369ms in state CONNECT, 7 identical error(s) suppressed)
2026-01-27 10:56:47.5305 ERROR Kafka error: kafka:9092/bootstrap: Failed to resolve 'kafka:9092': Name or service not known (after 3331ms in state CONNECT, 7 identical error(s) suppressed)
2026-01-27 10:57:17.5309 ERROR Kafka error: kafka:9092/bootstrap: Failed to resolve 'kafka:9092': Name or service not known (after 3332ms in state CONNECT, 6 identical error(s) suppressed)
2026-01-27 10:57:47.6167 ERROR Kafka error: kafka:9092/bootstrap: Failed to resolve 'kafka:9092': Name or service not known (after 3418ms in state CONNECT, 6 identical error(s) suppressed)
2026-01-27 10:58:22.5062 ERROR Kafka error: kafka:9092/bootstrap: Failed to resolve 'kafka:9092': Name or service not known (after 3295ms in state CONNECT, 7 identical error(s) suppressed)
2026-01-27 10:58:52.7205 ERROR Kafka error: kafka:9092/bootstrap: Failed to resolve 'kafka:9092': Name or service not known (after 3514ms in state CONNECT, 6 identical error(s) suppressed)
2026-01-27 10:59:27.5211 ERROR Kafka error: kafka:9092/bootstrap: Failed to resolve 'kafka:9092': Name or service not known (after 3315ms in state CONNECT, 7 identical error(s) suppressed)
2026-01-27 11:00:02.5415 ERROR Kafka error: kafka:9092/bootstrap: Failed to resolve 'kafka:9092': Name or service not known (after 3346ms in state CONNECT, 7 identical error(s) suppressed)
2026-01-27 11:00:32.6026 ERROR Kafka error: kafka:9092/bootstrap: Failed to resolve 'kafka:9092': Name or service not known (after 3406ms in state CONNECT, 6 identical error(s) suppressed)
2026-01-27 11:01:07.5091 ERROR Kafka error: kafka:9092/bootstrap: Failed to resolve 'kafka:9092': Name or service not known (after 3311ms in state CONNECT, 7 identical error(s) suppressed)
2026-01-27 11:01:37.5352 ERROR Kafka error: kafka:9092/bootstrap: Failed to resolve 'kafka:9092': Name or service not known (after 3323ms in state CONNECT, 6 identical error(s) suppressed)
2026-01-27 11:02:07.5465 ERROR Kafka error: kafka:9092/bootstrap: Failed to resolve 'kafka:9092': Name or service not known (after 3352ms in state CONNECT, 6 identical error(s) suppressed)
2026-01-27 11:02:42.5223 ERROR Kafka error: kafka:9092/bootstrap: Failed to resolve 'kafka:9092': Name or service not known (after 3331ms in state CONNECT, 7 identical error(s) suppressed)
2026-01-27 11:03:17.5543 ERROR Kafka error: kafka:9092/bootstrap: Failed to resolve 'kafka:9092': Name or service not known (after 3360ms in state CONNECT, 7 identical error(s) suppressed)
2026-01-27 11:03:48.0110 ERROR Kafka error: kafka:9092/bootstrap: Failed to resolve 'kafka:9092': Name or service not known (after 3814ms in state CONNECT, 6 identical error(s) suppressed)
2026-01-27 11:04:22.5225 ERROR Kafka error: kafka:9092/bootstrap: Failed to resolve 'kafka:9092': Name or service not known (after 3320ms in state CONNECT, 7 identical error(s) suppressed)
2026-01-27 11:04:56.5620 ERROR Kafka error: kafka:9092/bootstrap: Failed to resolve 'kafka:9092': Name or service not known (after 3372ms in state CONNECT, 6 identical error(s) suppressed)
2026-01-27 11:05:31.5535 ERROR Kafka error: kafka:9092/bootstrap: Failed to resolve 'kafka:9092': Name or service not known (after 3344ms in state CONNECT, 7 identical error(s) suppressed)
2026-01-27 11:06:01.5891 ERROR Kafka error: kafka:9092/bootstrap: Failed to resolve 'kafka:9092': Name or service not known (after 3383ms in state CONNECT, 6 identical error(s) suppressed)
2026-01-27 11:06:36.5178 ERROR Kafka error: kafka:9092/bootstrap: Failed to resolve 'kafka:9092': Name or service not known (after 3314ms in state CONNECT, 7 identical error(s) suppressed)
2026-01-27 11:07:06.5232 ERROR Kafka error: kafka:9092/bootstrap: Failed to resolve 'kafka:9092': Name or service not known (after 3313ms in state CONNECT, 6 identical error(s) suppressed)
2026-01-27 11:07:36.5519 ERROR Kafka error: kafka:9092/bootstrap: Failed to resolve 'kafka:9092': Name or service not known (after 3332ms in state CONNECT, 6 identical error(s) suppressed)
2026-01-27 11:08:11.5237 ERROR Kafka error: kafka:9092/bootstrap: Failed to resolve 'kafka:9092': Name or service not known (after 3311ms in state CONNECT, 7 identical error(s) suppressed)
2026-01-27 11:08:46.5627 ERROR Kafka error: kafka:9092/bootstrap: Failed to resolve 'kafka:9092': Name or service not known (after 3354ms in state CONNECT, 7 identical error(s) suppressed)
2026-01-27 11:09:21.5210 ERROR Kafka error: kafka:9092/bootstrap: Failed to resolve 'kafka:9092': Name or service not known (after 3310ms in state CONNECT, 7 identical error(s) suppressed)
2026-01-27 11:09:51.5209 ERROR Kafka error: kafka:9092/bootstrap: Failed to resolve 'kafka:9092': Name or service not known (after 3311ms in state CONNECT, 6 identical error(s) suppressed)
2026-01-27 11:10:26.5523 ERROR Kafka error: kafka:9092/bootstrap: Failed to resolve 'kafka:9092': Name or service not known (after 3343ms in state CONNECT, 7 identical error(s) suppressed)
2026-01-27 11:11:01.5442 ERROR Kafka error: kafka:9092/bootstrap: Failed to resolve 'kafka:9092': Name or service not known (after 3338ms in state CONNECT, 7 identical error(s) suppressed)
2026-01-27 11:11:36.5553 ERROR Kafka error: kafka:9092/bootstrap: Failed to resolve 'kafka:9092': Name or service not known (after 3344ms in state CONNECT, 7 identical error(s) suppressed)
2026-01-27 11:12:11.5524 ERROR Kafka error: kafka:9092/bootstrap: Failed to resolve 'kafka:9092': Name or service not known (after 3347ms in state CONNECT, 7 identical error(s) suppressed)
2026-01-27 11:12:46.5276 ERROR Kafka error: kafka:9092/bootstrap: Failed to resolve 'kafka:9092': Name or service not known (after 3321ms in state CONNECT, 7 identical error(s) suppressed)
2026-01-27 11:13:16.5452 ERROR Kafka error: kafka:9092/bootstrap: Failed to resolve 'kafka:9092': Name or service not known (after 3333ms in state CONNECT, 6 identical error(s) suppressed)
2026-01-27 11:13:51.5671 ERROR Kafka error: kafka:9092/bootstrap: Failed to resolve 'kafka:9092': Name or service not known (after 3363ms in state CONNECT, 7 identical error(s) suppressed)
2026-01-27 11:14:21.6221 ERROR Kafka error: kafka:9092/bootstrap: Failed to resolve 'kafka:9092': Name or service not known (after 3420ms in state CONNECT, 6 identical error(s) suppressed)
2026-01-27 11:14:56.5279 ERROR Kafka error: kafka:9092/bootstrap: Failed to resolve 'kafka:9092': Name or service not known (after 3321ms in state CONNECT, 7 identical error(s) suppressed)
2026-01-27 11:15:26.5506 ERROR Kafka error: kafka:9092/bootstrap: Failed to resolve 'kafka:9092': Name or service not known (after 3348ms in state CONNECT, 6 identical error(s) suppressed)
2026-01-27 11:16:01.5515 ERROR Kafka error: kafka:9092/bootstrap: Failed to resolve 'kafka:9092': Name or service not known (after 3348ms in state CONNECT, 7 identical error(s) suppressed)
2026-01-27 11:16:36.5446 ERROR Kafka error: kafka:9092/bootstrap: Failed to resolve 'kafka:9092': Name or service not known (after 3333ms in state CONNECT, 7 identical error(s) suppressed)
2026-01-27 11:17:06.5740 ERROR Kafka error: kafka:9092/bootstrap: Failed to resolve 'kafka:9092': Name or service not known (after 3357ms in state CONNECT, 6 identical error(s) suppressed)
2026-01-27 11:17:41.5569 ERROR Kafka error: kafka:9092/bootstrap: Failed to resolve 'kafka:9092': Name or service not known (after 3351ms in state CONNECT, 7 identical error(s) suppressed)
2026-01-27 11:18:16.5352 ERROR Kafka error: kafka:9092/bootstrap: Failed to resolve 'kafka:9092': Name or service not known (after 3340ms in state CONNECT, 7 identical error(s) suppressed)
2026-01-27 11:18:51.5128 ERROR Kafka error: kafka:9092/bootstrap: Failed to resolve 'kafka:9092': Name or service not known (after 3320ms in state CONNECT, 7 identical error(s) suppressed)
2026-01-27 11:19:26.6028 ERROR Kafka error: kafka:9092/bootstrap: Failed to resolve 'kafka:9092': Name or service not known (after 3402ms in state CONNECT, 7 identical error(s) suppressed)
2026-01-27 11:20:01.4857 ERROR Kafka error: kafka:9092/bootstrap: Failed to resolve 'kafka:9092': Name or service not known (after 3300ms in state CONNECT, 7 identical error(s) suppressed)
2026-01-27 11:20:31.5318 ERROR Kafka error: kafka:9092/bootstrap: Failed to resolve 'kafka:9092': Name or service not known (after 3345ms in state CONNECT, 6 identical error(s) suppressed)
2026-01-27 11:21:01.5636 ERROR Kafka error: kafka:9092/bootstrap: Failed to resolve 'kafka:9092': Name or service not known (after 3381ms in state CONNECT, 6 identical error(s) suppressed)
2026-01-27 11:21:36.5077 ERROR Kafka error: kafka:9092/bootstrap: Failed to resolve 'kafka:9092': Name or service not known (after 3331ms in state CONNECT, 7 identical error(s) suppressed)
2026-01-27 11:22:11.5096 ERROR Kafka error: kafka:9092/bootstrap: Failed to resolve 'kafka:9092': Name or service not known (after 3335ms in state CONNECT, 7 identical error(s) suppressed)
2026-01-27 11:22:46.4869 ERROR Kafka error: kafka:9092/bootstrap: Failed to resolve 'kafka:9092': Name or service not known (after 3313ms in state CONNECT, 7 identical error(s) suppressed)
2026-01-27 11:23:16.4896 ERROR Kafka error: kafka:9092/bootstrap: Failed to resolve 'kafka:9092': Name or service not known (after 3317ms in state CONNECT, 6 identical error(s) suppressed)
2026-01-27 11:23:46.5132 ERROR Kafka error: kafka:9092/bootstrap: Failed to resolve 'kafka:9092': Name or service not known (after 3339ms in state CONNECT, 6 identical error(s) suppressed)
2026-01-27 11:24:21.4672 ERROR Kafka error: kafka:9092/bootstrap: Failed to resolve 'kafka:9092': Name or service not known (after 3295ms in state CONNECT, 7 identical error(s) suppressed)
2026-01-27 11:24:51.5463 ERROR Kafka error: kafka:9092/bootstrap: Failed to resolve 'kafka:9092': Name or service not known (after 3358ms in state CONNECT, 6 identical error(s) suppressed)
2026-01-27 11:25:21.6130 ERROR Kafka error: kafka:9092/bootstrap: Failed to resolve 'kafka:9092': Name or service not known (after 3425ms in state CONNECT, 6 identical error(s) suppressed)
2026-01-27 11:25:56.5522 ERROR Kafka error: kafka:9092/bootstrap: Failed to resolve 'kafka:9092': Name or service not known (after 3363ms in state CONNECT, 7 identical error(s) suppressed)
2026-01-27 11:26:31.5645 ERROR Kafka error: kafka:9092/bootstrap: Failed to resolve 'kafka:9092': Name or service not known (after 3368ms in state CONNECT, 7 identical error(s) suppressed)
2026-01-27 11:27:06.4915 ERROR Kafka error: kafka:9092/bootstrap: Failed to resolve 'kafka:9092': Name or service not known (after 3311ms in state CONNECT, 7 identical error(s) suppressed)
2026-01-27 11:27:36.5130 ERROR Kafka error: kafka:9092/bootstrap: Failed to resolve 'kafka:9092': Name or service not known (after 3322ms in state CONNECT, 6 identical error(s) suppressed)
2026-01-27 11:28:06.5340 ERROR Kafka error: kafka:9092/bootstrap: Failed to resolve 'kafka:9092': Name or service not known (after 3351ms in state CONNECT, 6 identical error(s) suppressed)
2026-01-27 11:28:41.5303 ERROR Kafka error: kafka:9092/bootstrap: Failed to resolve 'kafka:9092': Name or service not known (after 3346ms in state CONNECT, 7 identical error(s) suppressed)
2026-01-27 11:29:11.5221 ERROR Kafka error: kafka:9092/bootstrap: Failed to resolve 'kafka:9092': Name or service not known (after 3347ms in state CONNECT, 6 identical error(s) suppressed)
2026-01-27 11:29:46.5507 ERROR Kafka error: kafka:9092/bootstrap: Failed to resolve 'kafka:9092': Name or service not known (after 3373ms in state CONNECT, 7 identical error(s) suppressed)
2026-01-27 11:30:21.4843 ERROR Kafka error: kafka:9092/bootstrap: Failed to resolve 'kafka:9092': Name or service not known (after 3315ms in state CONNECT, 7 identical error(s) suppressed)
2026-01-27 11:30:51.5034 ERROR Kafka error: kafka:9092/bootstrap: Failed to resolve 'kafka:9092': Name or service not known (after 3331ms in state CONNECT, 6 identical error(s) suppressed)
2026-01-27 11:31:21.4950 ERROR Kafka error: kafka:9092/bootstrap: Failed to resolve 'kafka:9092': Name or service not known (after 3331ms in state CONNECT, 6 identical error(s) suppressed)
2026-01-27 11:31:51.5229 ERROR Kafka error: kafka:9092/bootstrap: Failed to resolve 'kafka:9092': Name or service not known (after 3360ms in state CONNECT, 6 identical error(s) suppressed)
2026-01-27 11:32:26.4772 ERROR Kafka error: kafka:9092/bootstrap: Failed to resolve 'kafka:9092': Name or service not known (after 3316ms in state CONNECT, 7 identical error(s) suppressed)
2026-01-27 11:32:56.5008 ERROR Kafka error: kafka:9092/bootstrap: Failed to resolve 'kafka:9092': Name or service not known (after 3338ms in state CONNECT, 6 identical error(s) suppressed)
2026-01-27 11:33:31.5212 ERROR Kafka error: kafka:9092/bootstrap: Failed to resolve 'kafka:9092': Name or service not known (after 3351ms in state CONNECT, 7 identical error(s) suppressed)
2026-01-27 11:34:06.5333 ERROR Kafka error: kafka:9092/bootstrap: Failed to resolve 'kafka:9092': Name or service not known (after 3375ms in state CONNECT, 7 identical error(s) suppressed)
2026-01-27 11:34:41.4719 ERROR Kafka error: kafka:9092/bootstrap: Failed to resolve 'kafka:9092': Name or service not known (after 3314ms in state CONNECT, 7 identical error(s) suppressed)
2026-01-27 11:35:11.4705 ERROR Kafka error: kafka:9092/bootstrap: Failed to resolve 'kafka:9092': Name or service not known (after 3324ms in state CONNECT, 6 identical error(s) suppressed)
2026-01-27 11:35:46.4666 ERROR Kafka error: kafka:9092/bootstrap: Failed to resolve 'kafka:9092': Name or service not known (after 3323ms in state CONNECT, 7 identical error(s) suppressed)
2026-01-27 11:36:21.5140 ERROR Kafka error: kafka:9092/bootstrap: Failed to resolve 'kafka:9092': Name or service not known (after 3364ms in state CONNECT, 7 identical error(s) suppressed)
2026-01-27 11:36:56.5931 ERROR Kafka error: kafka:9092/bootstrap: Failed to resolve 'kafka:9092': Name or service not known (after 3450ms in state CONNECT, 7 identical error(s) suppressed)
2026-01-27 11:37:31.4841 ERROR Kafka error: kafka:9092/bootstrap: Failed to resolve 'kafka:9092': Name or service not known (after 3347ms in state CONNECT, 7 identical error(s) suppressed)
2026-01-27 11:38:01.4853 ERROR Kafka error: kafka:9092/bootstrap: Failed to resolve 'kafka:9092': Name or service not known (after 3348ms in state CONNECT, 6 identical error(s) suppressed)
2026-01-27 11:38:31.4899 ERROR Kafka error: kafka:9092/bootstrap: Failed to resolve 'kafka:9092': Name or service not known (after 3357ms in state CONNECT, 6 identical error(s) suppressed)
2026-01-27 11:39:06.4554 ERROR Kafka error: kafka:9092/bootstrap: Failed to resolve 'kafka:9092': Name or service not known (after 3314ms in state CONNECT, 7 identical error(s) suppressed)
2026-01-27 11:39:36.4565 ERROR Kafka error: kafka:9092/bootstrap: Failed to resolve 'kafka:9092': Name or service not known (after 3320ms in state CONNECT, 6 identical error(s) suppressed)
2026-01-27 11:40:06.5150 ERROR Kafka error: kafka:9092/bootstrap: Failed to resolve 'kafka:9092': Name or service not known (after 3382ms in state CONNECT, 6 identical error(s) suppressed)
2026-01-27 11:40:41.4463 ERROR Kafka error: kafka:9092/bootstrap: Failed to resolve 'kafka:9092': Name or service not known (after 3330ms in state CONNECT, 7 identical error(s) suppressed)
2026-01-27 11:41:16.4942 ERROR Kafka error: kafka:9092/bootstrap: Failed to resolve 'kafka:9092': Name or service not known (after 3367ms in state CONNECT, 7 identical error(s) suppressed)
2026-01-27 11:41:51.4018 ERROR Kafka error: kafka:9092/bootstrap: Failed to resolve 'kafka:9092': Name or service not known (after 3293ms in state CONNECT, 7 identical error(s) suppressed)
2026-01-27 11:42:21.4544 ERROR Kafka error: kafka:9092/bootstrap: Failed to resolve 'kafka:9092': Name or service not known (after 3348ms in state CONNECT, 6 identical error(s) suppressed)
2026-01-27 11:42:56.4504 ERROR Kafka error: kafka:9092/bootstrap: Failed to resolve 'kafka:9092': Name or service not known (after 3343ms in state CONNECT, 7 identical error(s) suppressed)
2026-01-27 11:43:31.4255 ERROR Kafka error: kafka:9092/bootstrap: Failed to resolve 'kafka:9092': Name or service not known (after 3326ms in state CONNECT, 7 identical error(s) suppressed)
2026-01-27 11:44:01.4435 ERROR Kafka error: kafka:9092/bootstrap: Failed to resolve 'kafka:9092': Name or service not known (after 3349ms in state CONNECT, 6 identical error(s) suppressed)
2026-01-27 11:44:36.4386 ERROR Kafka error: kafka:9092/bootstrap: Failed to resolve 'kafka:9092': Name or service not known (after 3332ms in state CONNECT, 7 identical error(s) suppressed)
2026-01-27 11:45:06.4209 ERROR Kafka error: kafka:9092/bootstrap: Failed to resolve 'kafka:9092': Name or service not known (after 3331ms in state CONNECT, 6 identical error(s) suppressed)
2026-01-27 11:45:36.4307 ERROR Kafka error: kafka:9092/bootstrap: Failed to resolve 'kafka:9092': Name or service not known (after 3338ms in state CONNECT, 6 identical error(s) suppressed)
2026-01-27 11:46:11.4373 ERROR Kafka error: kafka:9092/bootstrap: Failed to resolve 'kafka:9092': Name or service not known (after 3357ms in state CONNECT, 7 identical error(s) suppressed)
2026-01-27 11:46:46.4361 ERROR Kafka error: kafka:9092/bootstrap: Failed to resolve 'kafka:9092': Name or service not known (after 3344ms in state CONNECT, 7 identical error(s) suppressed)
2026-01-27 11:47:16.4463 ERROR Kafka error: kafka:9092/bootstrap: Failed to resolve 'kafka:9092': Name or service not known (after 3350ms in state CONNECT, 6 identical error(s) suppressed)
2026-01-27 11:47:51.3945 ERROR Kafka error: kafka:9092/bootstrap: Failed to resolve 'kafka:9092': Name or service not known (after 3308ms in state CONNECT, 7 identical error(s) suppressed)
2026-01-27 11:48:21.4040 ERROR Kafka error: kafka:9092/bootstrap: Failed to resolve 'kafka:9092': Name or service not known (after 3321ms in state CONNECT, 6 identical error(s) suppressed)
2026-01-27 11:48:51.4608 ERROR Kafka error: kafka:9092/bootstrap: Failed to resolve 'kafka:9092': Name or service not known (after 3380ms in state CONNECT, 6 identical error(s) suppressed)
2026-01-27 11:49:26.4230 ERROR Kafka error: kafka:9092/bootstrap: Failed to resolve 'kafka:9092': Name or service not known (after 3325ms in state CONNECT, 7 identical error(s) suppressed)
2026-01-27 11:49:56.4279 ERROR Kafka error: kafka:9092/bootstrap: Failed to resolve 'kafka:9092': Name or service not known (after 3347ms in state CONNECT, 6 identical error(s) suppressed)
2026-01-27 11:50:31.3966 ERROR Kafka error: kafka:9092/bootstrap: Failed to resolve 'kafka:9092': Name or service not known (after 3316ms in state CONNECT, 7 identical error(s) suppressed)
2026-01-27 11:51:06.4009 ERROR Kafka error: kafka:9092/bootstrap: Failed to resolve 'kafka:9092': Name or service not known (after 3322ms in state CONNECT, 7 identical error(s) suppressed)
2026-01-27 11:51:41.4238 ERROR Kafka error: kafka:9092/bootstrap: Failed to resolve 'kafka:9092': Name or service not known (after 3343ms in state CONNECT, 7 identical error(s) suppressed)
2026-01-27 11:52:16.4150 ERROR Kafka error: kafka:9092/bootstrap: Failed to resolve 'kafka:9092': Name or service not known (after 3331ms in state CONNECT, 7 identical error(s) suppressed)
2026-01-27 11:52:46.4350 ERROR Kafka error: kafka:9092/bootstrap: Failed to resolve 'kafka:9092': Name or service not known (after 3344ms in state CONNECT, 6 identical error(s) suppressed)
2026-01-27 11:53:21.4119 ERROR Kafka error: kafka:9092/bootstrap: Failed to resolve 'kafka:9092': Name or service not known (after 3323ms in state CONNECT, 7 identical error(s) suppressed)
2026-01-27 11:53:51.4097 ERROR Kafka error: kafka:9092/bootstrap: Failed to resolve 'kafka:9092': Name or service not known (after 3327ms in state CONNECT, 6 identical error(s) suppressed)
2026-01-27 11:54:21.4575 ERROR Kafka error: kafka:9092/bootstrap: Failed to resolve 'kafka:9092': Name or service not known (after 3375ms in state CONNECT, 6 identical error(s) suppressed)
2026-01-27 11:54:56.3777 ERROR Kafka error: kafka:9092/bootstrap: Failed to resolve 'kafka:9092': Name or service not known (after 3299ms in state CONNECT, 7 identical error(s) suppressed)
2026-01-27 11:55:26.4209 ERROR Kafka error: kafka:9092/bootstrap: Failed to resolve 'kafka:9092': Name or service not known (after 3338ms in state CONNECT, 6 identical error(s) suppressed)
2026-01-27 11:56:01.4307 ERROR Kafka error: kafka:9092/bootstrap: Failed to resolve 'kafka:9092': Name or service not known (after 3338ms in state CONNECT, 7 identical error(s) suppressed)
2026-01-27 11:56:36.4518 ERROR Kafka error: kafka:9092/bootstrap: Failed to resolve 'kafka:9092': Name or service not known (after 3363ms in state CONNECT, 7 identical error(s) suppressed)
2026-01-27 11:57:11.4076 ERROR Kafka error: kafka:9092/bootstrap: Failed to resolve 'kafka:9092': Name or service not known (after 3328ms in state CONNECT, 7 identical error(s) suppressed)
2026-01-27 11:57:41.4086 ERROR Kafka error: kafka:9092/bootstrap: Failed to resolve 'kafka:9092': Name or service not known (after 3327ms in state CONNECT, 6 identical error(s) suppressed)
2026-01-27 11:58:16.4807 ERROR Kafka error: kafka:9092/bootstrap: Failed to resolve 'kafka:9092': Name or service not known (after 3404ms in state CONNECT, 7 identical error(s) suppressed)
2026-01-27 11:58:51.4148 ERROR Kafka error: kafka:9092/bootstrap: Failed to resolve 'kafka:9092': Name or service not known (after 3329ms in state CONNECT, 7 identical error(s) suppressed)
2026-01-27 11:59:26.4789 ERROR Kafka error: kafka:9092/bootstrap: Failed to resolve 'kafka:9092': Name or service not known (after 3404ms in state CONNECT, 7 identical error(s) suppressed)
2026-01-27 12:00:01.4059 ERROR Kafka error: kafka:9092/bootstrap: Failed to resolve 'kafka:9092': Name or service not known (after 3327ms in state CONNECT, 7 identical error(s) suppressed)
2026-01-27 12:00:36.4467 ERROR Kafka error: kafka:9092/bootstrap: Failed to resolve 'kafka:9092': Name or service not known (after 3370ms in state CONNECT, 7 identical error(s) suppressed)
2026-01-27 12:01:06.4618 ERROR Kafka error: kafka:9092/bootstrap: Failed to resolve 'kafka:9092': Name or service not known (after 3384ms in state CONNECT, 6 identical error(s) suppressed)
2026-01-27 12:01:40.3770 ERROR Kafka error: kafka:9092/bootstrap: Failed to resolve 'kafka:9092': Name or service not known (after 3307ms in state CONNECT, 6 identical error(s) suppressed)
2026-01-27 12:02:14.4283 ERROR Kafka error: kafka:9092/bootstrap: Failed to resolve 'kafka:9092': Name or service not known (after 3353ms in state CONNECT, 6 identical error(s) suppressed)
