2026-01-08 05:15:40.6456 INFO Kafka Consumer started. Bootstrap=kafka:9092 GroupId=email-consumer-group Topic=email-events
2026-01-08 05:15:41.0251 INFO Application started. Press Ctrl+C to shut down.
2026-01-08 05:15:41.1866 INFO Hosting environment: Production
2026-01-08 05:15:41.2487 INFO Content root path: /app
2026-01-08 05:15:52.9066 ERROR Consume exception
2026-01-08 05:37:04.5948 INFO Kafka Consumer started. Bootstrap=kafka:9092 GroupId=email-consumer-group Topic=email-events
2026-01-08 05:37:04.8272 INFO Application started. Press Ctrl+C to shut down.
2026-01-08 05:37:04.8800 INFO Hosting environment: Production
2026-01-08 05:37:04.9431 INFO Content root path: /app
2026-01-08 05:37:15.6296 ERROR Consume exception
2026-01-08 06:24:12.2967 INFO Kafka Consumer started. Bootstrap=kafka:9092 GroupId=email-consumer-group Topic=email-events
2026-01-08 06:24:12.5498 INFO Application started. Press Ctrl+C to shut down.
2026-01-08 06:24:12.8170 INFO Hosting environment: Production
2026-01-08 06:24:12.8492 INFO Content root path: /app
2026-01-08 06:24:13.0153 ERROR Consume exception
2026-01-08 06:52:50.9086 INFO Kafka Consumer started. Bootstrap=kafka:9092 GroupId=email-consumer-group Topic=email-events
2026-01-08 06:52:51.1750 INFO Application started. Press Ctrl+C to shut down.
2026-01-08 06:52:51.4059 INFO Hosting environment: Production
2026-01-08 06:52:51.5270 INFO Content root path: /app
2026-01-08 06:52:51.6560 ERROR Consume exception
2026-01-08 07:05:40.6159 INFO Kafka Consumer started. Bootstrap=kafka:9092 GroupId=email-consumer-group Topic=email-events
2026-01-08 07:05:40.8952 INFO Application started. Press Ctrl+C to shut down.
2026-01-08 07:05:41.2599 INFO Hosting environment: Production
2026-01-08 07:05:41.3074 INFO Content root path: /app
2026-01-08 07:05:41.5355 ERROR Consume exception
2026-01-08 07:49:21.9044 INFO Kafka Consumer started. Bootstrap=kafka:9092 GroupId=email-consumer-group Topic=email-events
2026-01-08 07:49:22.0896 INFO Application started. Press Ctrl+C to shut down.
2026-01-08 07:49:22.2374 INFO Hosting environment: Production
2026-01-08 07:49:22.2866 INFO Content root path: /app
2026-01-08 07:49:22.3637 ERROR Consume exception
2026-01-08 07:59:22.0166 INFO Kafka Consumer started. Bootstrap=kafka:9092 GroupId=email-consumer-group Topic=email-events
2026-01-08 07:59:22.3053 INFO Application started. Press Ctrl+C to shut down.
2026-01-08 07:59:22.3881 INFO Hosting environment: Production
2026-01-08 07:59:22.5516 INFO Content root path: /app
2026-01-08 07:59:22.7561 ERROR Consume exception
2026-01-08 12:47:03.1199 INFO Kafka Consumer started. Bootstrap=kafka:9092 GroupId=email-consumer-group Topic=email-events
2026-01-08 12:47:03.4169 INFO Application started. Press Ctrl+C to shut down.
2026-01-08 12:47:03.4721 INFO Hosting environment: Production
2026-01-08 12:47:03.7287 INFO Content root path: /app
2026-01-08 12:47:03.9329 ERROR Consume exception
2026-01-08 13:22:50.6051 INFO Kafka Consumer started. Bootstrap=kafka:9092 GroupId=email-consumer-group Topic=email-events
2026-01-08 13:22:50.8492 INFO Application started. Press Ctrl+C to shut down.
2026-01-08 13:22:51.1322 INFO Hosting environment: Production
2026-01-08 13:22:51.1686 INFO Content root path: /app
2026-01-08 13:22:51.1872 ERROR Consume exception
2026-01-08 13:35:26.4535 INFO Kafka Consumer started. Bootstrap=kafka:9092 GroupId=email-consumer-group Topic=email-events
2026-01-08 13:35:26.6641 INFO Application started. Press Ctrl+C to shut down.
2026-01-08 13:35:26.8494 INFO Hosting environment: Production
2026-01-08 13:35:26.9280 INFO Content root path: /app
2026-01-08 13:35:27.0834 ERROR Consume exception
