2026-01-30 04:15:31.7628 INFO Kafka Consumer started. Bootstrap=kafka:9092 GroupId=email-consumer-group Topic=email-events
2026-01-30 04:15:32.3549 INFO Application started. Press Ctrl+C to shut down.
2026-01-30 04:15:32.4887 INFO Hosting environment: Production
2026-01-30 04:15:32.6085 INFO Content root path: /app
2026-01-30 04:15:32.8419 ERROR Consume exception
2026-01-30 04:48:54.0964 INFO Kafka Consumer started. Bootstrap=kafka:9092 GroupId=email-consumer-group Topic=email-events
2026-01-30 04:48:54.5963 INFO Application started. Press Ctrl+C to shut down.
2026-01-30 04:48:54.6793 INFO Hosting environment: Production
2026-01-30 04:48:55.2329 INFO Content root path: /app
2026-01-30 04:48:55.5371 ERROR Consume exception
2026-01-30 04:54:17.8862 INFO Kafka Consumer started. Bootstrap=kafka:9092 GroupId=email-consumer-group Topic=email-events
2026-01-30 04:54:18.2744 INFO Application started. Press Ctrl+C to shut down.
2026-01-30 04:54:18.4634 INFO Hosting environment: Production
2026-01-30 04:54:18.5361 INFO Content root path: /app
2026-01-30 04:54:18.6353 ERROR Consume exception
2026-01-30 05:46:33.4871 INFO Kafka Consumer started. Bootstrap=kafka:9092 GroupId=email-consumer-group Topic=email-events
2026-01-30 05:46:33.7675 INFO Application started. Press Ctrl+C to shut down.
2026-01-30 05:46:33.9519 INFO Hosting environment: Production
2026-01-30 05:46:34.0116 INFO Content root path: /app
2026-01-30 05:46:34.1102 ERROR Consume exception
2026-01-30 05:57:27.8608 INFO Kafka Consumer started. Bootstrap=kafka:9092 GroupId=email-consumer-group Topic=email-events
2026-01-30 05:57:28.0356 INFO Application started. Press Ctrl+C to shut down.
2026-01-30 05:57:28.2665 INFO Hosting environment: Production
2026-01-30 05:57:28.3308 INFO Content root path: /app
2026-01-30 05:57:28.5273 ERROR Consume exception
2026-01-30 06:17:32.5100 INFO Kafka Consumer started. Bootstrap=kafka:9092 GroupId=email-consumer-group Topic=email-events
2026-01-30 06:17:32.7661 INFO Application started. Press Ctrl+C to shut down.
2026-01-30 06:17:32.9173 INFO Hosting environment: Production
2026-01-30 06:17:32.9493 INFO Content root path: /app
2026-01-30 06:17:32.9891 ERROR Consume exception
2026-01-30 06:35:46.8937 INFO Kafka Consumer started. Bootstrap=kafka:9092 GroupId=email-consumer-group Topic=email-events
2026-01-30 06:35:47.2340 INFO Application started. Press Ctrl+C to shut down.
2026-01-30 06:35:47.2914 INFO Hosting environment: Production
2026-01-30 06:35:47.3888 INFO Content root path: /app
2026-01-30 06:35:47.6990 ERROR Consume exception
2026-01-30 06:44:38.5430 INFO Kafka Consumer started. Bootstrap=kafka:9092 GroupId=email-consumer-group Topic=email-events
2026-01-30 06:44:38.8316 INFO Application started. Press Ctrl+C to shut down.
2026-01-30 06:44:39.1975 INFO Hosting environment: Production
2026-01-30 06:44:39.3222 INFO Content root path: /app
2026-01-30 06:44:39.4823 ERROR Consume exception
2026-01-30 06:54:55.4279 INFO Kafka Consumer started. Bootstrap=kafka:9092 GroupId=email-consumer-group Topic=email-events
2026-01-30 06:54:55.7341 INFO Application started. Press Ctrl+C to shut down.
2026-01-30 06:54:55.9364 INFO Hosting environment: Production
2026-01-30 06:54:56.0406 INFO Content root path: /app
2026-01-30 06:54:56.2047 ERROR Consume exception
2026-01-30 07:53:18.6827 INFO Kafka Consumer started. Bootstrap=kafka:9092 GroupId=email-consumer-group Topic=email-events
2026-01-30 07:53:19.8775 INFO Application started. Press Ctrl+C to shut down.
2026-01-30 07:53:20.3677 INFO Hosting environment: Production
2026-01-30 07:53:20.9653 INFO Content root path: /app
2026-01-30 07:53:41.9034 ERROR Consume exception
2026-01-30 07:58:11.5275 INFO Kafka Consumer started. Bootstrap=kafka:9092 GroupId=email-consumer-group Topic=email-events
2026-01-30 07:58:12.0756 INFO Application started. Press Ctrl+C to shut down.
2026-01-30 07:58:12.3827 INFO Hosting environment: Production
2026-01-30 07:58:12.8427 INFO Content root path: /app
2026-01-30 07:58:12.9941 ERROR Consume exception
2026-01-30 09:34:34.3436 INFO Kafka Consumer started. Bootstrap=kafka:9092 GroupId=email-consumer-group Topic=email-events
2026-01-30 09:34:34.5471 INFO Application started. Press Ctrl+C to shut down.
2026-01-30 09:34:34.6492 INFO Hosting environment: Production
2026-01-30 09:34:34.7057 INFO Content root path: /app
2026-01-30 09:34:55.3937 ERROR Consume exception
2026-01-30 10:59:49.0638 INFO Kafka Consumer started. Bootstrap=kafka:9092 GroupId=email-consumer-group Topic=email-events
2026-01-30 10:59:49.5133 INFO Application started. Press Ctrl+C to shut down.
2026-01-30 10:59:49.9560 INFO Hosting environment: Production
2026-01-30 10:59:50.0655 INFO Content root path: /app
2026-01-30 10:59:50.3543 ERROR Consume exception
2026-01-30 11:20:09.6095 INFO Kafka Consumer started. Bootstrap=kafka:9092 GroupId=email-consumer-group Topic=email-events
2026-01-30 11:20:10.0440 INFO Application started. Press Ctrl+C to shut down.
2026-01-30 11:20:10.4410 INFO Hosting environment: Production
2026-01-30 11:20:10.7723 INFO Content root path: /app
2026-01-30 11:20:11.0508 ERROR Consume exception
2026-01-30 12:14:24.2757 INFO Kafka Consumer started. Bootstrap=kafka:9092 GroupId=email-consumer-group Topic=email-events
2026-01-30 12:14:24.7554 INFO Application started. Press Ctrl+C to shut down.
2026-01-30 12:14:24.8092 INFO Hosting environment: Production
2026-01-30 12:14:24.9244 INFO Content root path: /app
2026-01-30 12:14:25.3434 ERROR Consume exception
2026-01-30 12:34:12.4191 INFO Kafka Consumer started. Bootstrap=kafka:9092 GroupId=email-consumer-group Topic=email-events
2026-01-30 12:34:12.8513 INFO Application started. Press Ctrl+C to shut down.
2026-01-30 12:34:13.1975 INFO Hosting environment: Production
2026-01-30 12:34:13.4062 INFO Content root path: /app
2026-01-30 12:34:13.6381 ERROR Consume exception
2026-01-30 12:59:10.5143 INFO Kafka Consumer started. Bootstrap=kafka:9092 GroupId=email-consumer-group Topic=email-events
2026-01-30 12:59:10.7669 INFO Application started. Press Ctrl+C to shut down.
2026-01-30 12:59:11.2445 INFO Hosting environment: Production
2026-01-30 12:59:11.3490 INFO Content root path: /app
2026-01-30 12:59:11.5823 ERROR Consume exception
2026-01-30 13:12:22.4897 INFO Kafka Consumer started. Bootstrap=kafka:9092 GroupId=email-consumer-group Topic=email-events
2026-01-30 13:12:22.8610 INFO Application started. Press Ctrl+C to shut down.
2026-01-30 13:12:23.0958 INFO Hosting environment: Production
2026-01-30 13:12:23.2395 INFO Content root path: /app
2026-01-30 13:12:23.6639 ERROR Consume exception
2026-01-30 13:18:25.7235 INFO Kafka Consumer started. Bootstrap=kafka:9092 GroupId=email-consumer-group Topic=email-events
2026-01-30 13:18:26.0840 INFO Application started. Press Ctrl+C to shut down.
2026-01-30 13:18:26.5176 INFO Hosting environment: Production
2026-01-30 13:18:26.5747 INFO Content root path: /app
2026-01-30 13:18:26.7803 ERROR Consume exception
2026-01-30 13:33:57.8937 INFO Kafka Consumer started. Bootstrap=kafka:9092 GroupId=email-consumer-group Topic=email-events
2026-01-30 13:33:58.2285 INFO Application started. Press Ctrl+C to shut down.
2026-01-30 13:33:58.5650 INFO Hosting environment: Production
2026-01-30 13:33:58.6600 INFO Content root path: /app
2026-01-30 13:33:59.0252 ERROR Consume exception
2026-01-30 13:55:36.6725 INFO Kafka Consumer started. Bootstrap=kafka:9092 GroupId=email-consumer-group Topic=email-events
2026-01-30 13:55:37.1514 INFO Application started. Press Ctrl+C to shut down.
2026-01-30 13:55:37.5597 INFO Hosting environment: Production
2026-01-30 13:55:37.5967 INFO Content root path: /app
2026-01-30 13:55:37.9241 ERROR Consume exception
