2026-07-02 04:31:15.4599 INFO Kafka Consumer started. Bootstrap=kafka:9092 GroupId=email-consumer-group Topic=email-events
2026-07-02 04:31:16.6379 INFO Application started. Press Ctrl+C to shut down.
2026-07-02 04:31:17.0706 INFO Hosting environment: Production
2026-07-02 04:31:17.5191 INFO Content root path: /app
2026-07-02 04:31:33.3792 ERROR Consume exception
2026-07-02 10:28:00.8928 INFO Kafka Consumer started. Bootstrap=kafka:9092 GroupId=email-consumer-group Topic=email-events
2026-07-02 10:28:01.5006 INFO Application started. Press Ctrl+C to shut down.
2026-07-02 10:28:01.9617 INFO Hosting environment: Production
2026-07-02 10:28:02.1645 INFO Content root path: /app
2026-07-02 10:28:18.3475 ERROR Consume exception
2026-07-02 10:50:38.2262 INFO Kafka Consumer started. Bootstrap=kafka:9092 GroupId=email-consumer-group Topic=email-events
2026-07-02 10:50:38.5380 INFO Application started. Press Ctrl+C to shut down.
2026-07-02 10:50:39.6584 INFO Hosting environment: Production
2026-07-02 10:50:39.9766 INFO Content root path: /app
2026-07-02 10:50:40.2697 ERROR Consume exception
2026-07-02 10:55:59.8680 INFO Kafka Consumer started. Bootstrap=kafka:9092 GroupId=email-consumer-group Topic=email-events
2026-07-02 10:56:00.0739 INFO Application started. Press Ctrl+C to shut down.
2026-07-02 10:56:00.1805 INFO Hosting environment: Production
2026-07-02 10:56:00.2330 INFO Content root path: /app
2026-07-02 10:56:00.2899 ERROR Consume exception
2026-07-02 11:04:17.7311 INFO Kafka Consumer started. Bootstrap=kafka:9092 GroupId=email-consumer-group Topic=email-events
2026-07-02 11:04:18.1427 INFO Application started. Press Ctrl+C to shut down.
2026-07-02 11:04:18.8457 INFO Hosting environment: Production
2026-07-02 11:04:18.8648 INFO Content root path: /app
2026-07-02 11:04:18.9080 ERROR Consume exception
2026-07-02 11:41:32.6923 INFO Kafka Consumer started. Bootstrap=kafka:9092 GroupId=email-consumer-group Topic=email-events
2026-07-02 11:41:33.0199 INFO Application started. Press Ctrl+C to shut down.
2026-07-02 11:41:33.2449 INFO Hosting environment: Production
2026-07-02 11:41:33.2614 INFO Content root path: /app
2026-07-02 11:41:33.5414 ERROR Consume exception
2026-07-02 11:49:33.5145 INFO Kafka Consumer started. Bootstrap=kafka:9092 GroupId=email-consumer-group Topic=email-events
2026-07-02 11:49:33.6916 INFO Application started. Press Ctrl+C to shut down.
2026-07-02 11:49:33.7731 INFO Hosting environment: Production
2026-07-02 11:49:33.8206 INFO Content root path: /app
2026-07-02 11:49:33.8605 ERROR Consume exception
2026-07-02 11:54:01.1945 INFO Kafka Consumer started. Bootstrap=kafka:9092 GroupId=email-consumer-group Topic=email-events
2026-07-02 11:54:01.6067 INFO Application started. Press Ctrl+C to shut down.
2026-07-02 11:54:01.8313 INFO Hosting environment: Production
2026-07-02 11:54:01.8959 INFO Content root path: /app
2026-07-02 11:54:02.0496 ERROR Consume exception
2026-07-02 12:19:18.0444 INFO Kafka Consumer started. Bootstrap=kafka:9092 GroupId=email-consumer-group Topic=email-events
2026-07-02 12:19:18.6229 INFO Application started. Press Ctrl+C to shut down.
2026-07-02 12:19:19.2676 INFO Hosting environment: Production
2026-07-02 12:19:19.7739 INFO Content root path: /app
2026-07-02 12:19:20.3727 ERROR Consume exception
2026-07-02 12:39:12.2122 INFO Kafka Consumer started. Bootstrap=kafka:9092 GroupId=email-consumer-group Topic=email-events
2026-07-02 12:39:12.8472 INFO Application started. Press Ctrl+C to shut down.
2026-07-02 12:39:13.0314 INFO Hosting environment: Production
2026-07-02 12:39:13.0825 INFO Content root path: /app
2026-07-02 12:39:13.4169 ERROR Consume exception
2026-07-02 13:01:15.6497 INFO Kafka Consumer started. Bootstrap=kafka:9092 GroupId=email-consumer-group Topic=email-events
2026-07-02 13:01:16.1080 INFO Application started. Press Ctrl+C to shut down.
2026-07-02 13:01:16.3557 INFO Hosting environment: Production
2026-07-02 13:01:16.4002 INFO Content root path: /app
2026-07-02 13:01:17.3086 ERROR Consume exception
