2026-08-06 04:17:07.8385 INFO Kafka Consumer started. Bootstrap=kafka:9092 GroupId=email-consumer-group Topic=email-events
2026-08-06 04:17:08.9879 INFO Application started. Press Ctrl+C to shut down.
2026-08-06 04:17:09.3367 INFO Hosting environment: Production
2026-08-06 04:17:10.0218 INFO Content root path: /app
2026-08-06 04:17:25.9424 ERROR Consume exception
2026-08-06 08:55:53.9722 INFO Kafka Consumer started. Bootstrap=kafka:9092 GroupId=email-consumer-group Topic=email-events
2026-08-06 08:55:54.6915 INFO Application started. Press Ctrl+C to shut down.
2026-08-06 08:55:54.8864 INFO Hosting environment: Production
2026-08-06 08:55:56.0386 INFO Content root path: /app
2026-08-06 08:55:56.8621 ERROR Consume exception
2026-08-06 09:16:27.8671 INFO Kafka Consumer started. Bootstrap=kafka:9092 GroupId=email-consumer-group Topic=email-events
2026-08-06 09:16:28.6851 INFO Application started. Press Ctrl+C to shut down.
2026-08-06 09:16:29.1135 INFO Hosting environment: Production
2026-08-06 09:16:29.3095 INFO Content root path: /app
2026-08-06 09:16:29.6573 ERROR Consume exception
2026-08-06 10:30:00.3016 INFO Kafka Consumer started. Bootstrap=kafka:9092 GroupId=email-consumer-group Topic=email-events
2026-08-06 10:30:00.4886 INFO Application started. Press Ctrl+C to shut down.
2026-08-06 10:30:01.2394 INFO Hosting environment: Production
2026-08-06 10:30:02.0040 INFO Content root path: /app
2026-08-06 10:30:02.2147 ERROR Consume exception
2026-08-06 10:38:00.0639 INFO Kafka Consumer started. Bootstrap=kafka:9092 GroupId=email-consumer-group Topic=email-events
2026-08-06 10:38:00.5423 INFO Application started. Press Ctrl+C to shut down.
2026-08-06 10:38:00.6263 INFO Hosting environment: Production
2026-08-06 10:38:01.1485 INFO Content root path: /app
2026-08-06 10:38:01.8836 ERROR Consume exception
2026-08-06 10:48:25.4330 INFO Kafka Consumer started. Bootstrap=kafka:9092 GroupId=email-consumer-group Topic=email-events
2026-08-06 10:48:26.2308 INFO Application started. Press Ctrl+C to shut down.
2026-08-06 10:48:26.2696 INFO Hosting environment: Production
2026-08-06 10:48:26.5724 INFO Content root path: /app
2026-08-06 10:48:26.7180 ERROR Consume exception
2026-08-06 10:51:57.7112 INFO Kafka Consumer started. Bootstrap=kafka:9092 GroupId=email-consumer-group Topic=email-events
2026-08-06 10:51:58.2257 INFO Application started. Press Ctrl+C to shut down.
2026-08-06 10:51:59.2657 INFO Hosting environment: Production
2026-08-06 10:51:59.2888 INFO Content root path: /app
2026-08-06 10:51:59.5663 ERROR Consume exception
2026-08-06 11:36:26.8801 INFO Kafka Consumer started. Bootstrap=kafka:9092 GroupId=email-consumer-group Topic=email-events
2026-08-06 11:36:27.1192 INFO Application started. Press Ctrl+C to shut down.
2026-08-06 11:36:27.1793 INFO Hosting environment: Production
2026-08-06 11:36:27.1950 INFO Content root path: /app
2026-08-06 11:36:28.0688 ERROR Consume exception
