2026-02-25 04:11:45.9800 INFO Kafka Consumer started. Bootstrap=kafka:9092 GroupId=email-consumer-group Topic=email-events
2026-02-25 04:11:46.9712 INFO Application started. Press Ctrl+C to shut down.
2026-02-25 04:11:47.3827 INFO Hosting environment: Production
2026-02-25 04:11:47.5979 INFO Content root path: /app
2026-02-25 04:12:05.1678 ERROR Consume exception
2026-02-25 04:21:15.4536 INFO Kafka Consumer started. Bootstrap=kafka:9092 GroupId=email-consumer-group Topic=email-events
2026-02-25 04:21:15.8607 INFO Application started. Press Ctrl+C to shut down.
2026-02-25 04:21:16.1138 INFO Hosting environment: Production
2026-02-25 04:21:16.1566 INFO Content root path: /app
2026-02-25 04:21:16.3108 ERROR Consume exception
2026-02-25 04:40:25.2468 INFO Kafka Consumer started. Bootstrap=kafka:9092 GroupId=email-consumer-group Topic=email-events
2026-02-25 04:40:25.5406 INFO Application started. Press Ctrl+C to shut down.
2026-02-25 04:40:25.7725 INFO Hosting environment: Production
2026-02-25 04:40:25.9118 ERROR Consume exception
2026-02-25 04:40:25.9577 INFO Content root path: /app
2026-02-25 04:57:23.1898 INFO Kafka Consumer started. Bootstrap=kafka:9092 GroupId=email-consumer-group Topic=email-events
2026-02-25 04:57:23.6074 INFO Application started. Press Ctrl+C to shut down.
2026-02-25 04:57:23.7193 INFO Hosting environment: Production
2026-02-25 04:57:23.9268 INFO Content root path: /app
2026-02-25 04:57:24.2041 ERROR Consume exception
2026-02-25 05:06:00.7408 INFO Kafka Consumer started. Bootstrap=kafka:9092 GroupId=email-consumer-group Topic=email-events
2026-02-25 05:06:01.1255 INFO Application started. Press Ctrl+C to shut down.
2026-02-25 05:06:01.1832 INFO Hosting environment: Production
2026-02-25 05:06:01.4571 INFO Content root path: /app
2026-02-25 05:06:01.6076 ERROR Consume exception
2026-02-25 05:14:23.4250 INFO Kafka Consumer started. Bootstrap=kafka:9092 GroupId=email-consumer-group Topic=email-events
2026-02-25 05:14:23.9192 INFO Application started. Press Ctrl+C to shut down.
2026-02-25 05:14:24.1325 INFO Hosting environment: Production
2026-02-25 05:14:24.1719 INFO Content root path: /app
2026-02-25 05:14:40.2551 ERROR Consume exception
2026-02-25 06:59:18.9338 INFO Kafka Consumer started. Bootstrap=kafka:9092 GroupId=email-consumer-group Topic=email-events
2026-02-25 06:59:19.4505 INFO Application started. Press Ctrl+C to shut down.
2026-02-25 06:59:19.5704 INFO Hosting environment: Production
2026-02-25 06:59:19.6035 INFO Content root path: /app
2026-02-25 06:59:20.0405 ERROR Consume exception
