2025-09-15 07:28:55.0653 INFO Kafka Consumer started. Bootstrap=kafka:9092 GroupId=email-consumer-group Topic=email-events
2025-09-15 07:28:55.3040 INFO Application started. Press Ctrl+C to shut down.
2025-09-15 07:28:55.4290 INFO Hosting environment: Production
2025-09-15 07:28:55.4794 INFO Content root path: /app
2025-09-15 07:33:54.9166 ERROR Consume exception
2025-09-15 09:57:20.4946 INFO Kafka Consumer started. Bootstrap=kafka:9092 GroupId=email-consumer-group Topic=email-events
2025-09-15 09:57:20.6905 INFO Application started. Press Ctrl+C to shut down.
2025-09-15 09:57:20.7251 INFO Hosting environment: Production
2025-09-15 09:57:20.7410 INFO Content root path: /app
2025-09-15 10:02:20.4594 ERROR Consume exception
2025-09-15 10:56:32.2687 INFO Kafka Consumer started. Bootstrap=kafka:9092 GroupId=email-consumer-group Topic=email-events
2025-09-15 10:56:32.4632 INFO Application started. Press Ctrl+C to shut down.
2025-09-15 10:56:32.5038 INFO Hosting environment: Production
2025-09-15 10:56:32.5454 INFO Content root path: /app
2025-09-15 11:01:32.2256 ERROR Consume exception
2025-09-15 11:18:04.1928 INFO Kafka Consumer started. Bootstrap=kafka:9092 GroupId=email-consumer-group Topic=email-events
2025-09-15 11:18:04.3481 INFO Application started. Press Ctrl+C to shut down.
2025-09-15 11:18:04.3867 INFO Hosting environment: Production
2025-09-15 11:18:04.4445 INFO Content root path: /app
2025-09-15 11:23:04.9166 INFO Kafka Consumer started. Bootstrap=kafka:9092 GroupId=email-consumer-group Topic=email-events
2025-09-15 11:23:05.0865 INFO Application started. Press Ctrl+C to shut down.
2025-09-15 11:23:05.1686 INFO Hosting environment: Production
2025-09-15 11:23:05.2224 INFO Content root path: /app
2025-09-15 11:28:04.7576 ERROR Consume exception
