2026-01-01 06:58:00.3479 INFO Kafka Consumer started. Bootstrap=kafka:9092 GroupId=email-consumer-group Topic=email-events
2026-01-01 06:58:00.7938 INFO Application started. Press Ctrl+C to shut down.
2026-01-01 06:58:00.9291 INFO Hosting environment: Production
2026-01-01 06:58:01.0750 INFO Content root path: /app
2026-01-01 07:16:55.3407 INFO Kafka Consumer started. Bootstrap=kafka:9092 GroupId=email-consumer-group Topic=email-events
2026-01-01 07:16:55.7158 INFO Application started. Press Ctrl+C to shut down.
2026-01-01 07:16:55.7443 INFO Hosting environment: Production
2026-01-01 07:16:55.7823 INFO Content root path: /app
2026-01-01 07:40:27.4911 INFO Kafka Consumer started. Bootstrap=kafka:9092 GroupId=email-consumer-group Topic=email-events
2026-01-01 07:40:27.9052 INFO Application started. Press Ctrl+C to shut down.
2026-01-01 07:40:28.0061 INFO Hosting environment: Production
2026-01-01 07:40:28.0780 INFO Content root path: /app
2026-01-01 07:49:34.6390 INFO Kafka Consumer started. Bootstrap=kafka:9092 GroupId=email-consumer-group Topic=email-events
2026-01-01 07:49:34.9054 INFO Application started. Press Ctrl+C to shut down.
2026-01-01 07:49:34.9817 INFO Hosting environment: Production
2026-01-01 07:49:35.0446 INFO Content root path: /app
2026-01-01 08:51:14.7839 INFO Kafka Consumer started. Bootstrap=kafka:9092 GroupId=email-consumer-group Topic=email-events
2026-01-01 08:51:15.1593 INFO Application started. Press Ctrl+C to shut down.
2026-01-01 08:51:15.2914 INFO Hosting environment: Production
2026-01-01 08:51:15.3841 INFO Content root path: /app
2026-01-01 08:58:25.5836 INFO Kafka Consumer started. Bootstrap=kafka:9092 GroupId=email-consumer-group Topic=email-events
2026-01-01 08:58:25.9262 INFO Application started. Press Ctrl+C to shut down.
2026-01-01 08:58:25.9958 INFO Hosting environment: Production
2026-01-01 08:58:26.1081 INFO Content root path: /app
2026-01-01 08:58:38.3028 ERROR Consume exception
2026-01-01 09:10:40.2022 INFO Kafka Consumer started. Bootstrap=kafka:9092 GroupId=email-consumer-group Topic=email-events
2026-01-01 09:10:40.3673 INFO Application started. Press Ctrl+C to shut down.
2026-01-01 09:10:40.4407 INFO Hosting environment: Production
2026-01-01 09:10:40.4597 INFO Content root path: /app
2026-01-01 09:10:40.5392 ERROR Consume exception
2026-01-01 09:16:39.9090 INFO Kafka Consumer started. Bootstrap=kafka:9092 GroupId=email-consumer-group Topic=email-events
2026-01-01 09:16:40.2367 INFO Application started. Press Ctrl+C to shut down.
2026-01-01 09:16:40.4668 INFO Hosting environment: Production
2026-01-01 09:16:40.5304 INFO Content root path: /app
2026-01-01 09:16:40.5921 ERROR Consume exception
2026-01-01 09:28:45.8491 INFO Kafka Consumer started. Bootstrap=kafka:9092 GroupId=email-consumer-group Topic=email-events
2026-01-01 09:28:45.9986 INFO Application started. Press Ctrl+C to shut down.
2026-01-01 09:28:46.0262 INFO Hosting environment: Production
2026-01-01 09:28:46.1434 INFO Content root path: /app
2026-01-01 09:28:46.2287 ERROR Consume exception
