2026-07-20 04:32:04.4373 INFO Kafka Consumer started. Bootstrap=kafka:9092 GroupId=email-consumer-group Topic=email-events
2026-07-20 04:32:04.6698 INFO Application started. Press Ctrl+C to shut down.
2026-07-20 04:32:05.0320 INFO Hosting environment: Production
2026-07-20 04:32:05.4660 INFO Content root path: /app
2026-07-20 04:32:27.0189 ERROR Consume exception
2026-07-20 04:45:32.7591 INFO Kafka Consumer started. Bootstrap=kafka:9092 GroupId=email-consumer-group Topic=email-events
2026-07-20 04:45:33.0360 INFO Application started. Press Ctrl+C to shut down.
2026-07-20 04:45:34.0404 INFO Hosting environment: Production
2026-07-20 04:45:34.6267 INFO Content root path: /app
2026-07-20 04:45:34.7547 ERROR Consume exception
2026-07-20 05:01:39.0780 INFO Kafka Consumer started. Bootstrap=kafka:9092 GroupId=email-consumer-group Topic=email-events
2026-07-20 05:01:39.4290 INFO Application started. Press Ctrl+C to shut down.
2026-07-20 05:01:39.6620 INFO Hosting environment: Production
2026-07-20 05:01:39.7339 INFO Content root path: /app
2026-07-20 05:01:39.8642 ERROR Consume exception
2026-07-20 05:04:51.5357 INFO Kafka Consumer started. Bootstrap=kafka:9092 GroupId=email-consumer-group Topic=email-events
2026-07-20 05:04:51.9064 INFO Application started. Press Ctrl+C to shut down.
2026-07-20 05:04:52.3709 INFO Hosting environment: Production
2026-07-20 05:04:52.4058 INFO Content root path: /app
2026-07-20 05:04:52.4778 ERROR Consume exception
2026-07-20 05:19:17.3940 INFO Kafka Consumer started. Bootstrap=kafka:9092 GroupId=email-consumer-group Topic=email-events
2026-07-20 05:19:17.7954 INFO Application started. Press Ctrl+C to shut down.
2026-07-20 05:19:18.9478 INFO Hosting environment: Production
2026-07-20 05:19:19.0565 INFO Content root path: /app
2026-07-20 05:19:19.2589 ERROR Consume exception
2026-07-20 05:33:11.2324 INFO Kafka Consumer started. Bootstrap=kafka:9092 GroupId=email-consumer-group Topic=email-events
2026-07-20 05:33:11.5317 INFO Application started. Press Ctrl+C to shut down.
2026-07-20 05:33:11.5635 INFO Hosting environment: Production
2026-07-20 05:33:11.7017 INFO Content root path: /app
2026-07-20 05:33:11.8816 ERROR Consume exception
2026-07-20 05:37:02.3305 INFO Kafka Consumer started. Bootstrap=kafka:9092 GroupId=email-consumer-group Topic=email-events
2026-07-20 05:37:02.6410 INFO Application started. Press Ctrl+C to shut down.
2026-07-20 05:37:02.7914 INFO Hosting environment: Production
2026-07-20 05:37:02.8362 INFO Content root path: /app
2026-07-20 05:37:02.9701 ERROR Consume exception
2026-07-20 05:39:40.4389 INFO Kafka Consumer started. Bootstrap=kafka:9092 GroupId=email-consumer-group Topic=email-events
2026-07-20 05:39:40.6062 INFO Application started. Press Ctrl+C to shut down.
2026-07-20 05:39:40.6470 INFO Hosting environment: Production
2026-07-20 05:39:40.9244 INFO Content root path: /app
2026-07-20 05:39:40.9861 ERROR Consume exception
2026-07-20 05:43:57.2874 INFO Kafka Consumer started. Bootstrap=kafka:9092 GroupId=email-consumer-group Topic=email-events
2026-07-20 05:43:57.5136 INFO Application started. Press Ctrl+C to shut down.
2026-07-20 05:43:57.7117 INFO Hosting environment: Production
2026-07-20 05:43:57.7755 INFO Content root path: /app
2026-07-20 05:43:57.8228 ERROR Consume exception
2026-07-20 05:57:17.6636 INFO Kafka Consumer started. Bootstrap=kafka:9092 GroupId=email-consumer-group Topic=email-events
2026-07-20 05:57:18.3972 INFO Application started. Press Ctrl+C to shut down.
2026-07-20 05:57:19.5285 INFO Hosting environment: Production
2026-07-20 05:57:19.8642 INFO Content root path: /app
2026-07-20 05:57:20.7341 ERROR Consume exception
2026-07-20 07:32:19.6604 INFO Kafka Consumer started. Bootstrap=kafka:9092 GroupId=email-consumer-group Topic=email-events
2026-07-20 07:32:19.8814 INFO Application started. Press Ctrl+C to shut down.
2026-07-20 07:32:20.7958 INFO Hosting environment: Production
2026-07-20 07:32:21.2158 INFO Content root path: /app
2026-07-20 07:32:21.3950 ERROR Consume exception
2026-07-20 09:25:17.5254 INFO Kafka Consumer started. Bootstrap=kafka:9092 GroupId=email-consumer-group Topic=email-events
2026-07-20 09:25:18.4898 INFO Application started. Press Ctrl+C to shut down.
2026-07-20 09:25:18.9831 INFO Hosting environment: Production
2026-07-20 09:25:19.4652 INFO Content root path: /app
2026-07-20 09:25:19.5448 ERROR Consume exception
2026-07-20 09:51:12.8213 INFO Kafka Consumer started. Bootstrap=kafka:9092 GroupId=email-consumer-group Topic=email-events
2026-07-20 09:51:13.1773 INFO Application started. Press Ctrl+C to shut down.
2026-07-20 09:51:14.7751 INFO Hosting environment: Production
2026-07-20 09:51:14.8985 INFO Content root path: /app
2026-07-20 09:51:15.4540 ERROR Consume exception
