2026-02-24 04:33:51.1635 INFO Kafka Consumer started. Bootstrap=kafka:9092 GroupId=email-consumer-group Topic=email-events
2026-02-24 04:33:51.7983 INFO Application started. Press Ctrl+C to shut down.
2026-02-24 04:33:52.1281 INFO Hosting environment: Production
2026-02-24 04:33:52.6848 INFO Content root path: /app
2026-02-24 04:34:05.1974 ERROR Consume exception
2026-02-24 04:59:58.6604 INFO Kafka Consumer started. Bootstrap=kafka:9092 GroupId=email-consumer-group Topic=email-events
2026-02-24 04:59:59.3012 INFO Application started. Press Ctrl+C to shut down.
2026-02-24 04:59:59.3576 INFO Hosting environment: Production
2026-02-24 04:59:59.7691 INFO Content root path: /app
2026-02-24 05:00:00.2060 ERROR Consume exception
2026-02-24 07:06:49.9940 INFO Kafka Consumer started. Bootstrap=kafka:9092 GroupId=email-consumer-group Topic=email-events
2026-02-24 07:06:50.6456 INFO Application started. Press Ctrl+C to shut down.
2026-02-24 07:06:50.9364 INFO Hosting environment: Production
2026-02-24 07:06:51.0007 INFO Content root path: /app
2026-02-24 07:06:51.5962 ERROR Consume exception
2026-02-24 10:32:42.9249 INFO Kafka Consumer started. Bootstrap=kafka:9092 GroupId=email-consumer-group Topic=email-events
2026-02-24 10:32:43.1187 INFO Application started. Press Ctrl+C to shut down.
2026-02-24 10:32:43.3395 INFO Hosting environment: Production
2026-02-24 10:32:43.4951 INFO Content root path: /app
2026-02-24 10:32:43.6985 ERROR Consume exception
2026-02-24 10:48:04.3295 INFO Kafka Consumer started. Bootstrap=kafka:9092 GroupId=email-consumer-group Topic=email-events
2026-02-24 10:48:04.5094 INFO Application started. Press Ctrl+C to shut down.
2026-02-24 10:48:04.7120 INFO Hosting environment: Production
2026-02-24 10:48:04.7987 INFO Content root path: /app
2026-02-24 10:48:04.9706 ERROR Consume exception
2026-02-24 10:58:11.7007 INFO Kafka Consumer started. Bootstrap=kafka:9092 GroupId=email-consumer-group Topic=email-events
2026-02-24 10:58:11.9125 INFO Application started. Press Ctrl+C to shut down.
2026-02-24 10:58:12.0224 INFO Hosting environment: Production
2026-02-24 10:58:12.2632 INFO Content root path: /app
2026-02-24 10:58:12.3490 ERROR Consume exception
2026-02-24 11:01:45.2394 INFO Kafka Consumer started. Bootstrap=kafka:9092 GroupId=email-consumer-group Topic=email-events
2026-02-24 11:01:45.3385 INFO Application started. Press Ctrl+C to shut down.
2026-02-24 11:01:45.3904 INFO Hosting environment: Production
2026-02-24 11:01:45.4235 INFO Content root path: /app
2026-02-24 11:01:45.6342 ERROR Consume exception
2026-02-24 11:25:28.1460 INFO Kafka Consumer started. Bootstrap=kafka:9092 GroupId=email-consumer-group Topic=email-events
2026-02-24 11:25:28.4762 INFO Application started. Press Ctrl+C to shut down.
2026-02-24 11:25:28.6452 INFO Hosting environment: Production
2026-02-24 11:25:28.7246 INFO Content root path: /app
2026-02-24 11:25:28.8085 ERROR Consume exception
