2026-03-09 08:35:05.0096 INFO Kafka Consumer started. Bootstrap=kafka:9092 GroupId=email-consumer-group Topic=email-events
2026-03-09 08:35:05.4595 INFO Application started. Press Ctrl+C to shut down.
2026-03-09 08:35:06.1257 INFO Hosting environment: Production
2026-03-09 08:35:06.5073 INFO Content root path: /app
2026-03-09 08:35:21.9918 ERROR Consume exception
2026-03-09 11:10:26.5528 INFO Kafka Consumer started. Bootstrap=kafka:9092 GroupId=email-consumer-group Topic=email-events
2026-03-09 11:10:26.9301 INFO Application started. Press Ctrl+C to shut down.
2026-03-09 11:10:26.9850 INFO Hosting environment: Production
2026-03-09 11:10:27.2691 INFO Content root path: /app
2026-03-09 11:10:27.7418 ERROR Consume exception
2026-03-09 11:41:09.5831 INFO Kafka Consumer started. Bootstrap=kafka:9092 GroupId=email-consumer-group Topic=email-events
2026-03-09 11:41:09.9135 INFO Application started. Press Ctrl+C to shut down.
2026-03-09 11:41:09.9706 INFO Hosting environment: Production
2026-03-09 11:41:10.1021 INFO Content root path: /app
2026-03-09 11:41:10.4420 ERROR Consume exception
2026-03-09 12:00:07.9854 INFO Kafka Consumer started. Bootstrap=kafka:9092 GroupId=email-consumer-group Topic=email-events
2026-03-09 12:00:08.3308 INFO Application started. Press Ctrl+C to shut down.
2026-03-09 12:00:08.8579 INFO Hosting environment: Production
2026-03-09 12:00:09.0095 INFO Content root path: /app
2026-03-09 12:00:09.5206 ERROR Consume exception
2026-03-09 12:55:49.1494 INFO Kafka Consumer started. Bootstrap=kafka:9092 GroupId=email-consumer-group Topic=email-events
2026-03-09 12:55:50.0281 INFO Application started. Press Ctrl+C to shut down.
2026-03-09 12:55:50.1532 INFO Hosting environment: Production
2026-03-09 12:55:50.3306 INFO Content root path: /app
2026-03-09 12:55:50.8736 ERROR Consume exception
2026-03-09 13:04:34.3988 INFO Kafka Consumer started. Bootstrap=kafka:9092 GroupId=email-consumer-group Topic=email-events
2026-03-09 13:04:34.7257 INFO Application started. Press Ctrl+C to shut down.
2026-03-09 13:04:35.0056 INFO Hosting environment: Production
2026-03-09 13:04:35.6112 INFO Content root path: /app
2026-03-09 13:04:36.2540 ERROR Consume exception
