2026-05-08 04:21:34.7124 INFO Kafka Consumer started. Bootstrap=kafka:9092 GroupId=email-consumer-group Topic=email-events
2026-05-08 04:21:35.2761 INFO Application started. Press Ctrl+C to shut down.
2026-05-08 04:21:35.3892 INFO Hosting environment: Production
2026-05-08 04:21:35.5394 INFO Content root path: /app
2026-05-08 04:21:50.2764 ERROR Consume exception
2026-05-08 07:44:45.1102 INFO Kafka Consumer started. Bootstrap=kafka:9092 GroupId=email-consumer-group Topic=email-events
2026-05-08 07:44:45.4127 INFO Application started. Press Ctrl+C to shut down.
2026-05-08 07:44:45.5172 INFO Hosting environment: Production
2026-05-08 07:44:45.6415 INFO Content root path: /app
2026-05-08 07:44:47.1831 ERROR Consume exception
2026-05-08 09:40:27.4635 INFO Kafka Consumer started. Bootstrap=kafka:9092 GroupId=email-consumer-group Topic=email-events
2026-05-08 09:40:28.3246 INFO Application started. Press Ctrl+C to shut down.
2026-05-08 09:40:28.5709 INFO Hosting environment: Production
2026-05-08 09:40:28.7874 INFO Content root path: /app
2026-05-08 09:40:28.9226 ERROR Consume exception
2026-05-08 10:45:12.9604 INFO Kafka Consumer started. Bootstrap=kafka:9092 GroupId=email-consumer-group Topic=email-events
2026-05-08 10:45:13.3879 INFO Application started. Press Ctrl+C to shut down.
2026-05-08 10:45:13.8164 INFO Hosting environment: Production
2026-05-08 10:45:13.8514 INFO Content root path: /app
2026-05-08 10:45:14.2244 ERROR Consume exception
2026-05-08 11:08:24.3346 INFO Kafka Consumer started. Bootstrap=kafka:9092 GroupId=email-consumer-group Topic=email-events
2026-05-08 11:08:24.6202 INFO Application started. Press Ctrl+C to shut down.
2026-05-08 11:08:24.8528 INFO Hosting environment: Production
2026-05-08 11:08:24.9127 INFO Content root path: /app
2026-05-08 11:08:25.2021 ERROR Consume exception
2026-05-08 11:30:28.6013 INFO Kafka Consumer started. Bootstrap=kafka:9092 GroupId=email-consumer-group Topic=email-events
2026-05-08 11:30:28.8689 INFO Application started. Press Ctrl+C to shut down.
2026-05-08 11:30:29.0867 INFO Hosting environment: Production
2026-05-08 11:30:29.1632 INFO Content root path: /app
2026-05-08 11:30:29.3065 ERROR Consume exception
