2026-08-17 04:21:56.4710 INFO Kafka Consumer started. Bootstrap=kafka:9092 GroupId=email-consumer-group Topic=email-events
2026-08-17 04:21:56.6505 INFO Application started. Press Ctrl+C to shut down.
2026-08-17 04:21:56.7203 INFO Hosting environment: Production
2026-08-17 04:21:56.8575 INFO Content root path: /app
2026-08-17 04:22:08.5294 ERROR Consume exception
2026-08-17 04:27:52.1344 INFO Kafka Consumer started. Bootstrap=kafka:9092 GroupId=email-consumer-group Topic=email-events
2026-08-17 04:27:52.6428 INFO Application started. Press Ctrl+C to shut down.
2026-08-17 04:27:53.2165 INFO Hosting environment: Production
2026-08-17 04:27:53.4916 INFO Content root path: /app
2026-08-17 04:27:53.8599 ERROR Consume exception
2026-08-17 04:38:37.7069 INFO Kafka Consumer started. Bootstrap=kafka:9092 GroupId=email-consumer-group Topic=email-events
2026-08-17 04:38:38.6786 INFO Application started. Press Ctrl+C to shut down.
2026-08-17 04:38:39.3048 INFO Hosting environment: Production
2026-08-17 04:38:39.7397 INFO Content root path: /app
2026-08-17 04:38:40.0155 ERROR Consume exception
2026-08-17 07:00:03.9336 INFO Kafka Consumer started. Bootstrap=kafka:9092 GroupId=email-consumer-group Topic=email-events
2026-08-17 07:00:04.4025 INFO Application started. Press Ctrl+C to shut down.
2026-08-17 07:00:04.6128 INFO Hosting environment: Production
2026-08-17 07:00:04.7573 INFO Content root path: /app
2026-08-17 07:00:06.1480 ERROR Consume exception
2026-08-17 07:11:06.2657 INFO Kafka Consumer started. Bootstrap=kafka:9092 GroupId=email-consumer-group Topic=email-events
2026-08-17 07:11:06.6045 INFO Application started. Press Ctrl+C to shut down.
2026-08-17 07:11:06.6568 INFO Hosting environment: Production
2026-08-17 07:11:07.0347 INFO Content root path: /app
2026-08-17 07:11:07.1488 ERROR Consume exception
2026-08-17 08:05:07.8721 INFO Kafka Consumer started. Bootstrap=kafka:9092 GroupId=email-consumer-group Topic=email-events
2026-08-17 08:05:08.1867 INFO Application started. Press Ctrl+C to shut down.
2026-08-17 08:05:08.3355 INFO Hosting environment: Production
2026-08-17 08:05:08.3639 INFO Content root path: /app
2026-08-17 08:05:08.5822 ERROR Consume exception
2026-08-17 11:21:12.9247 INFO Kafka Consumer started. Bootstrap=kafka:9092 GroupId=email-consumer-group Topic=email-events
2026-08-17 11:21:13.3779 INFO Application started. Press Ctrl+C to shut down.
2026-08-17 11:21:13.4091 INFO Hosting environment: Production
2026-08-17 11:21:13.4199 INFO Content root path: /app
2026-08-17 11:21:14.5533 ERROR Consume exception
2026-08-17 12:45:24.3754 INFO Kafka Consumer started. Bootstrap=kafka:9092 GroupId=email-consumer-group Topic=email-events
2026-08-17 12:45:24.7170 INFO Application started. Press Ctrl+C to shut down.
2026-08-17 12:45:24.7526 INFO Hosting environment: Production
2026-08-17 12:45:25.7349 INFO Content root path: /app
2026-08-17 12:45:26.4066 ERROR Consume exception
2026-08-17 12:53:04.0716 INFO Kafka Consumer started. Bootstrap=kafka:9092 GroupId=email-consumer-group Topic=email-events
2026-08-17 12:53:04.8419 INFO Application started. Press Ctrl+C to shut down.
2026-08-17 12:53:05.3642 INFO Hosting environment: Production
2026-08-17 12:53:05.4225 INFO Content root path: /app
2026-08-17 12:53:05.6612 ERROR Consume exception
