2025-03-03 13:47:37.8586 ERROR Error: AutoMapper.AutoMapperMappingException: Missing type map configuration or unsupported mapping.

Mapping types:
Insp_Outcome_DetailsVM -> Insp_Outcome_Details
CWB.ProductionPlanWO.ViewModels.Insp_Outcome_DetailsVM -> CWB.ProductionPlanWO.Domain.Insp_Outcome_Details
   at lambda_method(Closure , Object , Insp_Outcome_Details , ResolutionContext )
   at CWB.ProductionPlanWO.Services.WOService.PostInsp_Outcome_Details(Insp_Outcome_DetailsVM workOrdersVM) in D:\EvolutionSoftware\CWB-Latest\CWB\CWB.ProductionPlanWO\Services\WOService.cs:line 988
   at CWB.ProductionPlanWO.Controllers.WOController.PostInsp_Outcome_Details(Insp_Outcome_DetailsVM workOrdersVM) in D:\EvolutionSoftware\CWB-Latest\CWB\CWB.ProductionPlanWO\Controllers\WOController.cs:line 342
   at Microsoft.AspNetCore.Mvc.Infrastructure.ActionMethodExecutor.TaskOfIActionResultExecutor.Execute(IActionResultTypeMapper mapper, ObjectMethodExecutor executor, Object controller, Object[] arguments)
   at Microsoft.AspNetCore.Mvc.Infrastructure.ControllerActionInvoker.<InvokeActionMethodAsync>g__Awaited|12_0(ControllerActionInvoker invoker, ValueTask`1 actionResultValueTask)
   at Microsoft.AspNetCore.Mvc.Infrastructure.ControllerActionInvoker.<InvokeNextActionFilterAsync>g__Awaited|10_0(ControllerActionInvoker invoker, Task lastTask, State next, Scope scope, Object state, Boolean isCompleted)
   at Microsoft.AspNetCore.Mvc.Infrastructure.ControllerActionInvoker.Rethrow(ActionExecutedContextSealed context)
   at Microsoft.AspNetCore.Mvc.Infrastructure.ControllerActionInvoker.Next(State& next, Scope& scope, Object& state, Boolean& isCompleted)
   at Microsoft.AspNetCore.Mvc.Infrastructure.ControllerActionInvoker.InvokeInnerFilterAsync()
--- End of stack trace from previous location where exception was thrown ---
   at Microsoft.AspNetCore.Mvc.Infrastructure.ResourceInvoker.<InvokeFilterPipelineAsync>g__Awaited|19_0(ResourceInvoker invoker, Task lastTask, State next, Scope scope, Object state, Boolean isCompleted)
   at Microsoft.AspNetCore.Mvc.Infrastructure.ResourceInvoker.<InvokeAsync>g__Awaited|17_0(ResourceInvoker invoker, Task task, IDisposable scope)
   at Microsoft.AspNetCore.Routing.EndpointMiddleware.<Invoke>g__AwaitRequestTask|6_0(Endpoint endpoint, Task requestTask, ILogger logger)
   at Microsoft.AspNetCore.Authorization.AuthorizationMiddleware.Invoke(HttpContext context)
   at Microsoft.AspNetCore.Authentication.AuthenticationMiddleware.Invoke(HttpContext context)
   at CWB.ExceptionHandling.ExceptionMiddleware.InvokeAsync(HttpContext httpContext) in D:\EvolutionSoftware\CWB-Latest\CWB\CWB.ExceptionHandling\ExceptionMiddleware.cs:line 26
2025-03-03 14:09:10.5271 ERROR Error: AutoMapper.AutoMapperMappingException: Missing type map configuration or unsupported mapping.

Mapping types:
AsyncStateMachineBox`1 -> IEnumerable`1
System.Runtime.CompilerServices.AsyncTaskMethodBuilder`1+AsyncStateMachineBox`1[[System.Collections.Generic.IEnumerable`1[[CWB.ProductionPlanWO.Domain.Inward_Condn_list, CWB.ProductionPlanWO, Version=1.0.0.0, Culture=neutral, PublicKeyToken=null]], System.Private.CoreLib, Version=4.0.0.0, Culture=neutral, PublicKeyToken=7cec85d7bea7798e],[CWB.CommonUtils.Common.Repositories.Repository`1+<GetAllAsync>d__7[[CWB.ProductionPlanWO.Domain.Inward_Condn_list, CWB.ProductionPlanWO, Version=1.0.0.0, Culture=neutral, PublicKeyToken=null]], CWB.CommonUtils, Version=1.0.0.0, Culture=neutral, PublicKeyToken=null]] -> System.Collections.Generic.IEnumerable`1[[CWB.ProductionPlanWO.ViewModels.Inward_Condn_listVM, CWB.ProductionPlanWO, Version=1.0.0.0, Culture=neutral, PublicKeyToken=null]]
   at lambda_method(Closure , Object , IEnumerable`1 , ResolutionContext )
   at CWB.ProductionPlanWO.Services.WOService.GetAllInward_Condn_list() in D:\EvolutionSoftware\CWB-Latest\CWB\CWB.ProductionPlanWO\Services\WOService.cs:line 984
   at CWB.ProductionPlanWO.Controllers.WOController.GetAllInward_Condn_list() in D:\EvolutionSoftware\CWB-Latest\CWB\CWB.ProductionPlanWO\Controllers\WOController.cs:line 408
   at Microsoft.AspNetCore.Mvc.Infrastructure.ActionMethodExecutor.TaskOfIActionResultExecutor.Execute(IActionResultTypeMapper mapper, ObjectMethodExecutor executor, Object controller, Object[] arguments)
   at Microsoft.AspNetCore.Mvc.Infrastructure.ControllerActionInvoker.<InvokeActionMethodAsync>g__Awaited|12_0(ControllerActionInvoker invoker, ValueTask`1 actionResultValueTask)
   at Microsoft.AspNetCore.Mvc.Infrastructure.ControllerActionInvoker.<InvokeNextActionFilterAsync>g__Awaited|10_0(ControllerActionInvoker invoker, Task lastTask, State next, Scope scope, Object state, Boolean isCompleted)
   at Microsoft.AspNetCore.Mvc.Infrastructure.ControllerActionInvoker.Rethrow(ActionExecutedContextSealed context)
   at Microsoft.AspNetCore.Mvc.Infrastructure.ControllerActionInvoker.Next(State& next, Scope& scope, Object& state, Boolean& isCompleted)
   at Microsoft.AspNetCore.Mvc.Infrastructure.ControllerActionInvoker.InvokeInnerFilterAsync()
--- End of stack trace from previous location where exception was thrown ---
   at Microsoft.AspNetCore.Mvc.Infrastructure.ResourceInvoker.<InvokeFilterPipelineAsync>g__Awaited|19_0(ResourceInvoker invoker, Task lastTask, State next, Scope scope, Object state, Boolean isCompleted)
   at Microsoft.AspNetCore.Mvc.Infrastructure.ResourceInvoker.<InvokeAsync>g__Awaited|17_0(ResourceInvoker invoker, Task task, IDisposable scope)
   at Microsoft.AspNetCore.Routing.EndpointMiddleware.<Invoke>g__AwaitRequestTask|6_0(Endpoint endpoint, Task requestTask, ILogger logger)
   at Microsoft.AspNetCore.Authorization.AuthorizationMiddleware.Invoke(HttpContext context)
   at Microsoft.AspNetCore.Authentication.AuthenticationMiddleware.Invoke(HttpContext context)
   at CWB.ExceptionHandling.ExceptionMiddleware.InvokeAsync(HttpContext httpContext) in D:\EvolutionSoftware\CWB-Latest\CWB\CWB.ExceptionHandling\ExceptionMiddleware.cs:line 26
2025-03-03 14:09:31.9863 ERROR Error: AutoMapper.AutoMapperMappingException: Missing type map configuration or unsupported mapping.

Mapping types:
AsyncStateMachineBox`1 -> IEnumerable`1
System.Runtime.CompilerServices.AsyncTaskMethodBuilder`1+AsyncStateMachineBox`1[[System.Collections.Generic.IEnumerable`1[[CWB.ProductionPlanWO.Domain.Insp_Outcome_List, CWB.ProductionPlanWO, Version=1.0.0.0, Culture=neutral, PublicKeyToken=null]], System.Private.CoreLib, Version=4.0.0.0, Culture=neutral, PublicKeyToken=7cec85d7bea7798e],[CWB.CommonUtils.Common.Repositories.Repository`1+<GetAllAsync>d__7[[CWB.ProductionPlanWO.Domain.Insp_Outcome_List, CWB.ProductionPlanWO, Version=1.0.0.0, Culture=neutral, PublicKeyToken=null]], CWB.CommonUtils, Version=1.0.0.0, Culture=neutral, PublicKeyToken=null]] -> System.Collections.Generic.IEnumerable`1[[CWB.ProductionPlanWO.ViewModels.Insp_Outcome_ListVM, CWB.ProductionPlanWO, Version=1.0.0.0, Culture=neutral, PublicKeyToken=null]]
   at lambda_method(Closure , Object , IEnumerable`1 , ResolutionContext )
   at CWB.ProductionPlanWO.Services.WOService.GetAllInsp_Outcome_List() in D:\EvolutionSoftware\CWB-Latest\CWB\CWB.ProductionPlanWO\Services\WOService.cs:line 954
   at CWB.ProductionPlanWO.Controllers.WOController.GetAllInsp_Outcome_List() in D:\EvolutionSoftware\CWB-Latest\CWB\CWB.ProductionPlanWO\Controllers\WOController.cs:line 426
   at Microsoft.AspNetCore.Mvc.Infrastructure.ActionMethodExecutor.TaskOfIActionResultExecutor.Execute(IActionResultTypeMapper mapper, ObjectMethodExecutor executor, Object controller, Object[] arguments)
   at Microsoft.AspNetCore.Mvc.Infrastructure.ControllerActionInvoker.<InvokeActionMethodAsync>g__Awaited|12_0(ControllerActionInvoker invoker, ValueTask`1 actionResultValueTask)
   at Microsoft.AspNetCore.Mvc.Infrastructure.ControllerActionInvoker.<InvokeNextActionFilterAsync>g__Awaited|10_0(ControllerActionInvoker invoker, Task lastTask, State next, Scope scope, Object state, Boolean isCompleted)
   at Microsoft.AspNetCore.Mvc.Infrastructure.ControllerActionInvoker.Rethrow(ActionExecutedContextSealed context)
   at Microsoft.AspNetCore.Mvc.Infrastructure.ControllerActionInvoker.Next(State& next, Scope& scope, Object& state, Boolean& isCompleted)
   at Microsoft.AspNetCore.Mvc.Infrastructure.ControllerActionInvoker.InvokeInnerFilterAsync()
--- End of stack trace from previous location where exception was thrown ---
   at Microsoft.AspNetCore.Mvc.Infrastructure.ResourceInvoker.<InvokeFilterPipelineAsync>g__Awaited|19_0(ResourceInvoker invoker, Task lastTask, State next, Scope scope, Object state, Boolean isCompleted)
   at Microsoft.AspNetCore.Mvc.Infrastructure.ResourceInvoker.<InvokeAsync>g__Awaited|17_0(ResourceInvoker invoker, Task task, IDisposable scope)
   at Microsoft.AspNetCore.Routing.EndpointMiddleware.<Invoke>g__AwaitRequestTask|6_0(Endpoint endpoint, Task requestTask, ILogger logger)
   at Microsoft.AspNetCore.Authorization.AuthorizationMiddleware.Invoke(HttpContext context)
   at Microsoft.AspNetCore.Authentication.AuthenticationMiddleware.Invoke(HttpContext context)
   at CWB.ExceptionHandling.ExceptionMiddleware.InvokeAsync(HttpContext httpContext) in D:\EvolutionSoftware\CWB-Latest\CWB\CWB.ExceptionHandling\ExceptionMiddleware.cs:line 26
